Archive member included to satisfy reference by file (symbol)

C:/ST/STM32CubeIDE_1.17.0/STM32CubeIDE/plugins/com.st.stm32cube.ide.mcu.externaltools.gnu-tools-for-stm32.13.3.rel1.win32_1.0.0.202411081344/tools/bin/../lib/gcc/arm-none-eabi/13.3.1/../../../../arm-none-eabi/lib/thumb/v7e-m+fp/hard\libc_nano.a(libc_a-exit.o)
                              C:/ST/STM32CubeIDE_1.17.0/STM32CubeIDE/plugins/com.st.stm32cube.ide.mcu.externaltools.gnu-tools-for-stm32.13.3.rel1.win32_1.0.0.202411081344/tools/bin/../lib/gcc/arm-none-eabi/13.3.1/../../../../arm-none-eabi/lib/thumb/v7e-m+fp/hard/crt0.o (exit)
C:/ST/STM32CubeIDE_1.17.0/STM32CubeIDE/plugins/com.st.stm32cube.ide.mcu.externaltools.gnu-tools-for-stm32.13.3.rel1.win32_1.0.0.202411081344/tools/bin/../lib/gcc/arm-none-eabi/13.3.1/../../../../arm-none-eabi/lib/thumb/v7e-m+fp/hard\libc_nano.a(libc_a-findfp.o)
                              C:/ST/STM32CubeIDE_1.17.0/STM32CubeIDE/plugins/com.st.stm32cube.ide.mcu.externaltools.gnu-tools-for-stm32.13.3.rel1.win32_1.0.0.202411081344/tools/bin/../lib/gcc/arm-none-eabi/13.3.1/../../../../arm-none-eabi/lib/thumb/v7e-m+fp/hard\libc_nano.a(libc_a-exit.o) (__stdio_exit_handler)
C:/ST/STM32CubeIDE_1.17.0/STM32CubeIDE/plugins/com.st.stm32cube.ide.mcu.externaltools.gnu-tools-for-stm32.13.3.rel1.win32_1.0.0.202411081344/tools/bin/../lib/gcc/arm-none-eabi/13.3.1/../../../../arm-none-eabi/lib/thumb/v7e-m+fp/hard\libc_nano.a(libc_a-fwalk.o)
                              C:/ST/STM32CubeIDE_1.17.0/STM32CubeIDE/plugins/com.st.stm32cube.ide.mcu.externaltools.gnu-tools-for-stm32.13.3.rel1.win32_1.0.0.202411081344/tools/bin/../lib/gcc/arm-none-eabi/13.3.1/../../../../arm-none-eabi/lib/thumb/v7e-m+fp/hard\libc_nano.a(libc_a-findfp.o) (_fwalk_sglue)
C:/ST/STM32CubeIDE_1.17.0/STM32CubeIDE/plugins/com.st.stm32cube.ide.mcu.externaltools.gnu-tools-for-stm32.13.3.rel1.win32_1.0.0.202411081344/tools/bin/../lib/gcc/arm-none-eabi/13.3.1/../../../../arm-none-eabi/lib/thumb/v7e-m+fp/hard\libc_nano.a(libc_a-stdio.o)
                              C:/ST/STM32CubeIDE_1.17.0/STM32CubeIDE/plugins/com.st.stm32cube.ide.mcu.externaltools.gnu-tools-for-stm32.13.3.rel1.win32_1.0.0.202411081344/tools/bin/../lib/gcc/arm-none-eabi/13.3.1/../../../../arm-none-eabi/lib/thumb/v7e-m+fp/hard\libc_nano.a(libc_a-findfp.o) (__sread)
C:/ST/STM32CubeIDE_1.17.0/STM32CubeIDE/plugins/com.st.stm32cube.ide.mcu.externaltools.gnu-tools-for-stm32.13.3.rel1.win32_1.0.0.202411081344/tools/bin/../lib/gcc/arm-none-eabi/13.3.1/../../../../arm-none-eabi/lib/thumb/v7e-m+fp/hard\libc_nano.a(libc_a-memset.o)
                              C:/ST/STM32CubeIDE_1.17.0/STM32CubeIDE/plugins/com.st.stm32cube.ide.mcu.externaltools.gnu-tools-for-stm32.13.3.rel1.win32_1.0.0.202411081344/tools/bin/../lib/gcc/arm-none-eabi/13.3.1/../../../../arm-none-eabi/lib/thumb/v7e-m+fp/hard/crt0.o (memset)
C:/ST/STM32CubeIDE_1.17.0/STM32CubeIDE/plugins/com.st.stm32cube.ide.mcu.externaltools.gnu-tools-for-stm32.13.3.rel1.win32_1.0.0.202411081344/tools/bin/../lib/gcc/arm-none-eabi/13.3.1/../../../../arm-none-eabi/lib/thumb/v7e-m+fp/hard\libc_nano.a(libc_a-closer.o)
                              C:/ST/STM32CubeIDE_1.17.0/STM32CubeIDE/plugins/com.st.stm32cube.ide.mcu.externaltools.gnu-tools-for-stm32.13.3.rel1.win32_1.0.0.202411081344/tools/bin/../lib/gcc/arm-none-eabi/13.3.1/../../../../arm-none-eabi/lib/thumb/v7e-m+fp/hard\libc_nano.a(libc_a-stdio.o) (_close_r)
C:/ST/STM32CubeIDE_1.17.0/STM32CubeIDE/plugins/com.st.stm32cube.ide.mcu.externaltools.gnu-tools-for-stm32.13.3.rel1.win32_1.0.0.202411081344/tools/bin/../lib/gcc/arm-none-eabi/13.3.1/../../../../arm-none-eabi/lib/thumb/v7e-m+fp/hard\libc_nano.a(libc_a-reent.o)
                              C:/ST/STM32CubeIDE_1.17.0/STM32CubeIDE/plugins/com.st.stm32cube.ide.mcu.externaltools.gnu-tools-for-stm32.13.3.rel1.win32_1.0.0.202411081344/tools/bin/../lib/gcc/arm-none-eabi/13.3.1/../../../../arm-none-eabi/lib/thumb/v7e-m+fp/hard\libc_nano.a(libc_a-closer.o) (errno)
C:/ST/STM32CubeIDE_1.17.0/STM32CubeIDE/plugins/com.st.stm32cube.ide.mcu.externaltools.gnu-tools-for-stm32.13.3.rel1.win32_1.0.0.202411081344/tools/bin/../lib/gcc/arm-none-eabi/13.3.1/../../../../arm-none-eabi/lib/thumb/v7e-m+fp/hard\libc_nano.a(libc_a-impure.o)
                              C:/ST/STM32CubeIDE_1.17.0/STM32CubeIDE/plugins/com.st.stm32cube.ide.mcu.externaltools.gnu-tools-for-stm32.13.3.rel1.win32_1.0.0.202411081344/tools/bin/../lib/gcc/arm-none-eabi/13.3.1/../../../../arm-none-eabi/lib/thumb/v7e-m+fp/hard\libc_nano.a(libc_a-reent.o) (_impure_ptr)
C:/ST/STM32CubeIDE_1.17.0/STM32CubeIDE/plugins/com.st.stm32cube.ide.mcu.externaltools.gnu-tools-for-stm32.13.3.rel1.win32_1.0.0.202411081344/tools/bin/../lib/gcc/arm-none-eabi/13.3.1/../../../../arm-none-eabi/lib/thumb/v7e-m+fp/hard\libc_nano.a(libc_a-lseekr.o)
[...]
Memory Configuration

Name             Origin             Length             Attributes
CCMRAM           0x10000000         0x00010000         xrw
RAM              0x20000000         0x00020000         xrw
FLASH            0x08000000         0x00100000         xr
*default*        0x00000000         0xffffffff

Linker script and memory map

LOAD C:/ST/STM32CubeIDE_1.17.0/STM32CubeIDE/plugins/com.st.stm32cube.ide.mcu.externaltools.gnu-tools-for-stm32.13.3.rel1.win32_1.0.0.202411081344/tools/bin/../lib/gcc/arm-none-eabi/13.3.1/thumb/v7e-m+fp/hard/crti.o
LOAD C:/ST/STM32CubeIDE_1.17.0/STM32CubeIDE/plugins/com.st.stm32cube.ide.mcu.externaltools.gnu-tools-for-stm32.13.3.rel1.win32_1.0.0.202411081344/tools/bin/../lib/gcc/arm-none-eabi/13.3.1/thumb/v7e-m+fp/hard/crtbegin.o
LOAD C:/ST/STM32CubeIDE_1.17.0/STM32CubeIDE/plugins/com.st.stm32cube.ide.mcu.externaltools.gnu-tools-for-stm32.13.3.rel1.win32_1.0.0.202411081344/tools/bin/../lib/gcc/arm-none-eabi/13.3.1/../../../../arm-none-eabi/lib/thumb/v7e-m+fp/hard/crt0.o
LOAD ./Core/Src/drivers_hardware.o
LOAD ./Core/Src/fisicas.o
LOAD ./Core/Src/fsm_juego.o
LOAD ./Core/Src/main.o
LOAD ./Core/Src/stm32f4xx_hal_msp.o
LOAD ./Core/Src/stm32f4xx_it.o
LOAD ./Core/Src/syscalls.o
LOAD ./Core/Src/sysmem.o
LOAD ./Core/Src/system_stm32f4xx.o
LOAD ./Core/Startup/startup_stm32f407vgtx.o
LOAD ./Drivers/STM32F4xx_HAL_Driver/Src/stm32f4xx_hal.o
LOAD ./Drivers/STM32F4xx_HAL_Driver/Src/stm32f4xx_hal_adc.o
LOAD ./Drivers/STM32F4xx_HAL_Driver/Src/stm32f4xx_hal_adc_ex.o
LOAD ./Drivers/STM32F4xx_HAL_Driver/Src/stm32f4xx_hal_cortex.o
LOAD ./Drivers/STM32F4xx_HAL_Driver/Src/stm32f4xx_hal_dma.o
LOAD ./Drivers/STM32F4xx_HAL_Driver/Src/stm32f4xx_hal_dma_ex.o
LOAD ./Drivers/STM32F4xx_HAL_Driver/Src/stm32f4xx_hal_exti.o
LOAD ./Drivers/STM32F4xx_HAL_Driver/Src/stm32f4xx_hal_flash.o
LOAD ./Drivers/STM32F4xx_HAL_Driver/Src/stm32f4xx_hal_flash_ex.o
LOAD ./Drivers/STM32F4xx_HAL_Driver/Src/stm32f4xx_hal_flash_ramfunc.o
LOAD ./Drivers/STM32F4xx_HAL_Driver/Src/stm32f4xx_hal_gpio.o
LOAD ./Drivers/STM32F4xx_HAL_Driver/Src/stm32f4xx_hal_pwr.o
LOAD ./Drivers/STM32F4xx_HAL_Driver/Src/stm32f4xx_hal_pwr_ex.o
LOAD ./Drivers/STM32F4xx_HAL_Driver/Src/stm32f4xx_hal_rcc.o
LOAD ./Drivers/STM32F4xx_HAL_Driver/Src/stm32f4xx_hal_rcc_ex.o
LOAD ./Drivers/STM32F4xx_HAL_Driver/Src/stm32f4xx_hal_spi.o
LOAD ./Drivers/STM32F4xx_HAL_Driver/Src/stm32f4xx_hal_tim.o
LOAD ./Drivers/STM32F4xx_HAL_Driver/Src/stm32f4xx_hal_tim_ex.o
LOAD ./Drivers/STM32F4xx_HAL_Driver/Src/stm32f4xx_ll_adc.o
START GROUP
LOAD C:/ST/STM32CubeIDE_1.17.0/STM32CubeIDE/plugins/com.st.stm32cube.ide.mcu.externaltools.gnu-tools-for-stm32.13.3.rel1.win32_1.0.0.202411081344/tools/bin/../lib/gcc/arm-none-eabi/13.3.1/../../../../arm-none-eabi/lib/thumb/v7e-m+fp/hard\libc_nano.a
LOAD C:/ST/STM32CubeIDE_1.17.0/STM32CubeIDE/plugins/com.st.stm32cube.ide.mcu.externaltools.gnu-tools-for-stm32.13.3.rel1.win32_1.0.0.202411081344/tools/bin/../lib/gcc/arm-none-eabi/13.3.1/../../../../arm-none-eabi/lib/thumb/v7e-m+fp/hard\libm.a
END GROUP
START GROUP
LOAD C:/ST/STM32CubeIDE_1.17.0/STM32CubeIDE/plugins/com.st.stm32cube.ide.mcu.externaltools.gnu-tools-for-stm32.13.3.rel1.win32_1.0.0.202411081344/tools/bin/../lib/gcc/arm-none-eabi/13.3.1/thumb/v7e-m+fp/hard\libgcc.a
LOAD C:/ST/STM32CubeIDE_1.17.0/STM32CubeIDE/plugins/com.st.stm32cube.ide.mcu.externaltools.gnu-tools-for-stm32.13.3.rel1.win32_1.0.0.202411081344/tools/bin/../lib/gcc/arm-none-eabi/13.3.1/../../../../arm-none-eabi/lib/thumb/v7e-m+fp/hard\libc_nano.a
END GROUP
START GROUP
LOAD C:/ST/STM32CubeIDE_1.17.0/STM32CubeIDE/plugins/com.st.stm32cube.ide.mcu.externaltools.gnu-tools-for-stm32.13.3.rel1.win32_1.0.0.202411081344/tools/bin/../lib/gcc/arm-none-eabi/13.3.1/thumb/v7e-m+fp/hard\libgcc.a
LOAD C:/ST/STM32CubeIDE_1.17.0/STM32CubeIDE/plugins/com.st.stm32cube.ide.mcu.externaltools.gnu-tools-for-stm32.13.3.rel1.win32_1.0.0.202411081344/tools/bin/../lib/gcc/arm-none-eabi/13.3.1/../../../../arm-none-eabi/lib/thumb/v7e-m+fp/hard\libc_nano.a
LOAD C:/ST/STM32CubeIDE_1.17.0/STM32CubeIDE/plugins/com.st.stm32cube.ide.mcu.externaltools.gnu-tools-for-stm32.13.3.rel1.win32_1.0.0.202411081344/tools/bin/../lib/gcc/arm-none-eabi/13.3.1/../../../../arm-none-eabi/lib/thumb/v7e-m+fp/hard\libnosys.a
END GROUP
START GROUP
LOAD C:/ST/STM32CubeIDE_1.17.0/STM32CubeIDE/plugins/com.st.stm32cube.ide.mcu.externaltools.gnu-tools-for-stm32.13.3.rel1.win32_1.0.0.202411081344/tools/bin/../lib/gcc/arm-none-eabi/13.3.1/thumb/v7e-m+fp/hard\libgcc.a
LOAD C:/ST/STM32CubeIDE_1.17.0/STM32CubeIDE/plugins/com.st.stm32cube.ide.mcu.externaltools.gnu-tools-for-stm32.13.3.rel1.win32_1.0.0.202411081344/tools/bin/../lib/gcc/arm-none-eabi/13.3.1/../../../../arm-none-eabi/lib/thumb/v7e-m+fp/hard\libc_nano.a
LOAD C:/ST/STM32CubeIDE_1.17.0/STM32CubeIDE/plugins/com.st.stm32cube.ide.mcu.externaltools.gnu-tools-for-stm32.13.3.rel1.win32_1.0.0.202411081344/tools/bin/../lib/gcc/arm-none-eabi/13.3.1/../../../../arm-none-eabi/lib/thumb/v7e-m+fp/hard\libnosys.a
END GROUP
LOAD C:/ST/STM32CubeIDE_1.17.0/STM32CubeIDE/plugins/com.st.stm32cube.ide.mcu.externaltools.gnu-tools-for-stm32.13.3.rel1.win32_1.0.0.202411081344/tools/bin/../lib/gcc/arm-none-eabi/13.3.1/thumb/v7e-m+fp/hard/crtend.o
LOAD C:/ST/STM32CubeIDE_1.17.0/STM32CubeIDE/plugins/com.st.stm32cube.ide.mcu.externaltools.gnu-tools-for-stm32.13.3.rel1.win32_1.0.0.202411081344/tools/bin/../lib/gcc/arm-none-eabi/13.3.1/thumb/v7e-m+fp/hard/crtn.o
                0x20020000                        _estack = (ORIGIN (RAM) + LENGTH (RAM))
                0x00000200                        _Min_Heap_Size = 0x200
                0x00000400                        _Min_Stack_Size = 0x400

.isr_vector     0x08000000      0x188
                0x08000000                        . = ALIGN (0x4)
 *(.isr_vector)
 .isr_vector    0x08000000      0x188 ./Core/Startup/startup_stm32f407vgtx.o
                0x08000000                g_pfnVectors
                0x08000188                        . = ALIGN (0x4)

.text           0x08000188     0x4e38
                0x08000188                        . = ALIGN (0x4)
 *(.text)
 .text          0x08000188       0x40 C:/ST/STM32CubeIDE_1.17.0/STM32CubeIDE/plugins/com.st.stm32cube.ide.mcu.externaltools.gnu-tools-for-stm32.13.3.rel1.win32_1.0.0.202411081344/tools/bin/../lib/gcc/arm-none-eabi/13.3.1/thumb/v7e-m+fp/hard/crtbegin.o
 .text          0x080001c8       0x30 C:/ST/STM32CubeIDE_1.17.0/STM32CubeIDE/plugins/com.st.stm32cube.ide.mcu.externaltools.gnu-tools-for-stm32.13.3.rel1.win32_1.0.0.202411081344/tools/bin/../lib/gcc/arm-none-eabi/13.3.1/thumb/v7e-m+fp/hard\libgcc.a(_aeabi_uldivmod.o)
                0x080001c8                __aeabi_uldivmod
 .text          0x080001f8      0x2f8 C:/ST/STM32CubeIDE_1.17.0/STM32CubeIDE/plugins/com.st.stm32cube.ide.mcu.externaltools.gnu-tools-for-stm32.13.3.rel1.win32_1.0.0.202411081344/tools/bin/../lib/gcc/arm-none-eabi/13.3.1/thumb/v7e-m+fp/hard\libgcc.a(_udivmoddi4.o)
                0x080001f8                __udivmoddi4
 .text          0x080004f0        0x4 C:/ST/STM32CubeIDE_1.17.0/STM32CubeIDE/plugins/com.st.stm32cube.ide.mcu.externaltools.gnu-tools-for-stm32.13.3.rel1.win32_1.0.0.202411081344/tools/bin/../lib/gcc/arm-none-eabi/13.3.1/thumb/v7e-m+fp/hard\libgcc.a(_dvmd_tls.o)
                0x080004f0                __aeabi_idiv0
                0x080004f0                __aeabi_ldiv0
 *(.text*)
 .text.MAX7219_SendAll
                0x080004f4       0x5c ./Core/Src/drivers_hardware.o
 .text.HW_MAX7219_Init
                0x08000550       0x30 ./Core/Src/drivers_hardware.o
                0x08000550                HW_MAX7219_Init
 .text.HW_UpdateDisplay
                0x08000580       0xcc ./Core/Src/drivers_hardware.o
                0x08000580                HW_UpdateDisplay
 .text.HW_LeerAngulo
                0x0800064c       0x8c ./Core/Src/drivers_hardware.o
                0x0800064c                HW_LeerAngulo
 .text.HW_Buzzer_Init
                0x080006d8       0x14 ./Core/Src/drivers_hardware.o
                0x080006d8                HW_Buzzer_Init
 .text.HW_Buzzer_Frecuencia
                0x080006ec       0x68 ./Core/Src/drivers_hardware.o
                0x080006ec                HW_Buzzer_Frecuencia
 .text.HW_Buzzer_Stop
                0x08000754       0x1c ./Core/Src/drivers_hardware.o
                0x08000754                HW_Buzzer_Stop
 .text.HW_Buzzer_Disparo
                0x08000770       0x3e ./Core/Src/drivers_hardware.o
                0x08000770                HW_Buzzer_Disparo
 *fill*         0x080007ae        0x2 
 .text.HW_Buzzer_Victoria
                0x080007b0       0x58 ./Core/Src/drivers_hardware.o
                0x080007b0                HW_Buzzer_Victoria
 .text.SetPixel
                0x08000808       0x74 ./Core/Src/fisicas.o
 .text.PintarTanque
                0x0800087c       0x7c ./Core/Src/fisicas.o
 .text.Fisicas_Init
                0x080008f8       0x3c ./Core/Src/fisicas.o
                0x080008f8                Fisicas_Init
 .text.Fisicas_GetBuffer
                0x08000934       0x14 ./Core/Src/fisicas.o
                0x08000934                Fisicas_GetBuffer
 .text.Fisicas_LimpiarPantalla
                0x08000948       0x34 ./Core/Src/fisicas.o
                0x08000948                Fisicas_LimpiarPantalla
 .text.Fisicas_DibujarEscenario
                0x0800097c       0x82 ./Core/Src/fisicas.o
                0x0800097c                Fisicas_DibujarEscenario
 *fill*         0x080009fe        0x2 
 .text.Fisicas_PrepararDisparo
                0x08000a00       0xfc ./Core/Src/fisicas.o
                0x08000a00                Fisicas_PrepararDisparo
 .text.Fisicas_CalcularSiguientePosicion
                0x08000afc       0x64 ./Core/Src/fisicas.o
                0x08000afc                Fisicas_CalcularSiguientePosicion
 .text.Fisicas_DetectarColision
                0x08000b60       0xb0 ./Core/Src/fisicas.o
                0x08000b60                Fisicas_DetectarColision
 .text.Fisicas_PintarBala
                0x08000c10       0x40 ./Core/Src/fisicas.o
                0x08000c10                Fisicas_PintarBala
 .text.Fisicas_GetBalaX
                0x08000c50       0x20 ./Core/Src/fisicas.o
                0x08000c50                Fisicas_GetBalaX
 .text.Fisicas_GetBalaY
                0x08000c70       0x20 ./Core/Src/fisicas.o
                0x08000c70                Fisicas_GetBalaY
 .text.Fisicas_DibujarExplosion
                0x08000c90      0x1e0 ./Core/Src/fisicas.o
                0x08000c90                Fisicas_DibujarExplosion
 .text.DibujarLetra8x8
                0x08000e70       0x68 ./Core/Src/fisicas.o
 .text.Fisicas_DibujarGameOver
                0x08000ed8       0xfc ./Core/Src/fisicas.o
                0x08000ed8                Fisicas_DibujarGameOver
 .text.FSM_Init
                0x08000fd4       0x40 ./Core/Src/fsm_juego.o
                0x08000fd4                FSM_Init
 .text.FSM_Actualizar
                0x08001014      0x23c ./Core/Src/fsm_juego.o
                0x08001014                FSM_Actualizar
 .text.main     0x08001250       0x94 ./Core/Src/main.o
                0x08001250                main
 .text.SystemClock_Config
                0x080012e4       0xbc ./Core/Src/main.o
                0x080012e4                SystemClock_Config
 .text.MX_ADC1_Init
                0x080013a0       0xc0 ./Core/Src/main.o
 .text.MX_SPI1_Init
                0x08001460       0x6c ./Core/Src/main.o
 .text.MX_TIM1_Init
                0x080014cc      0x140 ./Core/Src/main.o
 .text.MX_GPIO_Init
                0x0800160c       0xe0 ./Core/Src/main.o
 .text.Error_Handler
                0x080016ec        0xc ./Core/Src/main.o
                0x080016ec                Error_Handler
 .text.HAL_MspInit
                0x080016f8       0x50 ./Core/Src/stm32f4xx_hal_msp.o
                0x080016f8                HAL_MspInit
 .text.HAL_ADC_MspInit
                0x08001748       0x88 ./Core/Src/stm32f4xx_hal_msp.o
                0x08001748                HAL_ADC_MspInit
 .text.HAL_SPI_MspInit
                0x080017d0       0x90 ./Core/Src/stm32f4xx_hal_msp.o
                0x080017d0                HAL_SPI_MspInit
 .text.HAL_TIM_Base_MspInit
                0x08001860       0x44 ./Core/Src/stm32f4xx_hal_msp.o
                0x08001860                HAL_TIM_Base_MspInit
 .text.HAL_TIM_MspPostInit
                0x080018a4       0x74 ./Core/Src/stm32f4xx_hal_msp.o
                0x080018a4                HAL_TIM_MspPostInit
 .text.NMI_Handler
                0x08001918        0x8 ./Core/Src/stm32f4xx_it.o
                0x08001918                NMI_Handler
 .text.HardFault_Handler
                0x08001920        0x8 ./Core/Src/stm32f4xx_it.o
                0x08001920                HardFault_Handler
 .text.MemManage_Handler
                0x08001928        0x8 ./Core/Src/stm32f4xx_it.o
                0x08001928                MemManage_Handler
 .text.BusFault_Handler
                0x08001930        0x8 ./Core/Src/stm32f4xx_it.o
                0x08001930                BusFault_Handler
 .text.UsageFault_Handler
                0x08001938        0x8 ./Core/Src/stm32f4xx_it.o
                0x08001938                UsageFault_Handler
 .text.SVC_Handler
                0x08001940        0xe ./Core/Src/stm32f4xx_it.o
                0x08001940                SVC_Handler
 .text.DebugMon_Handler
                0x0800194e        0xe ./Core/Src/stm32f4xx_it.o
                0x0800194e                DebugMon_Handler
 .text.PendSV_Handler
                0x0800195c        0xe ./Core/Src/stm32f4xx_it.o
                0x0800195c                PendSV_Handler
 .text.SysTick_Handler
                0x0800196a        0xc ./Core/Src/stm32f4xx_it.o
                0x0800196a                SysTick_Handler
 .text.EXTI0_IRQHandler
                0x08001976        0xe ./Core/Src/stm32f4xx_it.o
                0x08001976                EXTI0_IRQHandler
 .text.EXTI1_IRQHandler
                0x08001984        0xe ./Core/Src/stm32f4xx_it.o
                0x08001984                EXTI1_IRQHandler
 *fill*         0x08001992        0x2 
 .text.SystemInit
                0x08001994       0x24 ./Core/Src/system_stm32f4xx.o
                0x08001994                SystemInit
 .text.Reset_Handler
                0x080019b8       0x50 ./Core/Startup/startup_stm32f407vgtx.o
                0x080019b8                Reset_Handler
 .text.Default_Handler
                0x08001a08        0x2 ./Core/Startup/startup_stm32f407vgtx.o
                0x08001a08                RTC_Alarm_IRQHandler
                0x08001a08                HASH_RNG_IRQHandler
                0x08001a08                EXTI2_IRQHandler
                0x08001a08                TIM8_CC_IRQHandler
                0x08001a08                TIM1_CC_IRQHandler
                0x08001a08                DMA2_Stream5_IRQHandler
                0x08001a08                DMA1_Stream5_IRQHandler
                0x08001a08                PVD_IRQHandler
                0x08001a08                SDIO_IRQHandler
                0x08001a08                TAMP_STAMP_IRQHandler
                0x08001a08                CAN2_RX1_IRQHandler
                0x08001a08                EXTI3_IRQHandler
                0x08001a08                TIM8_TRG_COM_TIM14_IRQHandler
                0x08001a08                TIM1_UP_TIM10_IRQHandler
                0x08001a08                TIM8_UP_TIM13_IRQHandler
                0x08001a08                I2C3_ER_IRQHandler
                0x08001a08                I2C2_EV_IRQHandler
                0x08001a08                DMA1_Stream2_IRQHandler
                0x08001a08                CAN1_RX0_IRQHandler
                0x08001a08                FPU_IRQHandler
                0x08001a08                OTG_HS_WKUP_IRQHandler
                0x08001a08                CAN2_SCE_IRQHandler
                0x08001a08                DMA2_Stream2_IRQHandler
                0x08001a08                SPI1_IRQHandler
                0x08001a08                TIM6_DAC_IRQHandler
                0x08001a08                TIM1_BRK_TIM9_IRQHandler
                0x08001a08                DCMI_IRQHandler
                0x08001a08                CAN2_RX0_IRQHandler
                0x08001a08                DMA2_Stream3_IRQHandler
                0x08001a08                USART6_IRQHandler
                0x08001a08                USART3_IRQHandler
                0x08001a08                CAN1_RX1_IRQHandler
                0x08001a08                UART5_IRQHandler
                0x08001a08                DMA2_Stream0_IRQHandler
                0x08001a08                TIM4_IRQHandler
                0x08001a08                I2C1_EV_IRQHandler
                0x08001a08                DMA1_Stream6_IRQHandler
                0x08001a08                DMA1_Stream1_IRQHandler
                0x08001a08                UART4_IRQHandler
                0x08001a08                TIM3_IRQHandler
                0x08001a08                RCC_IRQHandler
                0x08001a08                TIM8_BRK_TIM12_IRQHandler
                0x08001a08                Default_Handler
                0x08001a08                EXTI15_10_IRQHandler
                0x08001a08                ADC_IRQHandler
                0x08001a08                DMA1_Stream7_IRQHandler
                0x08001a08                TIM7_IRQHandler
                0x08001a08                CAN2_TX_IRQHandler
                0x08001a08                TIM5_IRQHandler
                0x08001a08                DMA2_Stream7_IRQHandler
                0x08001a08                I2C3_EV_IRQHandler
                0x08001a08                EXTI9_5_IRQHandler
                0x08001a08                RTC_WKUP_IRQHandler
                0x08001a08                ETH_WKUP_IRQHandler
                0x08001a08                SPI2_IRQHandler
                0x08001a08                OTG_HS_EP1_IN_IRQHandler
                0x08001a08                DMA1_Stream0_IRQHandler
                0x08001a08                CAN1_TX_IRQHandler
                0x08001a08                EXTI4_IRQHandler
                0x08001a08                FSMC_IRQHandler
                0x08001a08                ETH_IRQHandler
                0x08001a08                OTG_HS_EP1_OUT_IRQHandler
                0x08001a08                WWDG_IRQHandler
                0x08001a08                TIM2_IRQHandler
                0x08001a08                OTG_FS_WKUP_IRQHandler
                0x08001a08                TIM1_TRG_COM_TIM11_IRQHandler
                0x08001a08                OTG_HS_IRQHandler
                0x08001a08                USART2_IRQHandler
                0x08001a08                I2C2_ER_IRQHandler
                0x08001a08                DMA2_Stream1_IRQHandler
                0x08001a08                CAN1_SCE_IRQHandler
                0x08001a08                FLASH_IRQHandler
                0x08001a08                DMA2_Stream4_IRQHandler
                0x08001a08                USART1_IRQHandler
                0x08001a08                OTG_FS_IRQHandler
                0x08001a08                SPI3_IRQHandler
                0x08001a08                DMA1_Stream4_IRQHandler
                0x08001a08                I2C1_ER_IRQHandler
                0x08001a08                DMA2_Stream6_IRQHandler
                0x08001a08                DMA1_Stream3_IRQHandler
 *fill*         0x08001a0a        0x2 
 .text.HAL_Init
                0x08001a0c       0x44 ./Drivers/STM32F4xx_HAL_Driver/Src/stm32f4xx_hal.o
                0x08001a0c                HAL_Init
 .text.HAL_InitTick
                0x08001a50       0x60 ./Drivers/STM32F4xx_HAL_Driver/Src/stm32f4xx_hal.o
                0x08001a50                HAL_InitTick
 .text.HAL_IncTick
                0x08001ab0       0x28 ./Drivers/STM32F4xx_HAL_Driver/Src/stm32f4xx_hal.o
                0x08001ab0                HAL_IncTick
 .text.HAL_GetTick
                0x08001ad8       0x18 ./Drivers/STM32F4xx_HAL_Driver/Src/stm32f4xx_hal.o
                0x08001ad8                HAL_GetTick
 .text.HAL_Delay
                0x08001af0       0x48 ./Drivers/STM32F4xx_HAL_Driver/Src/stm32f4xx_hal.o
                0x08001af0                HAL_Delay
 .text.HAL_ADC_Init
                0x08001b38       0x86 ./Drivers/STM32F4xx_HAL_Driver/Src/stm32f4xx_hal_adc.o
                0x08001b38                HAL_ADC_Init
 *fill*         0x08001bbe        0x2 
 .text.HAL_ADC_Start
                0x08001bc0      0x1a4 ./Drivers/STM32F4xx_HAL_Driver/Src/stm32f4xx_hal_adc.o
                0x08001bc0                HAL_ADC_Start
 .text.HAL_ADC_Stop
                0x08001d64       0x66 ./Drivers/STM32F4xx_HAL_Driver/Src/stm32f4xx_hal_adc.o
                0x08001d64                HAL_ADC_Stop
 .text.HAL_ADC_PollForConversion
                0x08001dca      0x116 ./Drivers/STM32F4xx_HAL_Driver/Src/stm32f4xx_hal_adc.o
                0x08001dca                HAL_ADC_PollForConversion
 .text.HAL_ADC_GetValue
                0x08001ee0       0x1a ./Drivers/STM32F4xx_HAL_Driver/Src/stm32f4xx_hal_adc.o
                0x08001ee0                HAL_ADC_GetValue
 *fill*         0x08001efa        0x2 
 .text.HAL_ADC_ConfigChannel
                0x08001efc      0x244 ./Drivers/STM32F4xx_HAL_Driver/Src/stm32f4xx_hal_adc.o
                0x08001efc                HAL_ADC_ConfigChannel
 .text.ADC_Init
                0x08002140      0x1f8 ./Drivers/STM32F4xx_HAL_Driver/Src/stm32f4xx_hal_adc.o
 .text.__NVIC_SetPriorityGrouping
                0x08002338       0x48 ./Drivers/STM32F4xx_HAL_Driver/Src/stm32f4xx_hal_cortex.o
 .text.__NVIC_GetPriorityGrouping
                0x08002380       0x1c ./Drivers/STM32F4xx_HAL_Driver/Src/stm32f4xx_hal_cortex.o
 .text.__NVIC_EnableIRQ
                0x0800239c       0x3c ./Drivers/STM32F4xx_HAL_Driver/Src/stm32f4xx_hal_cortex.o
 .text.__NVIC_SetPriority
                0x080023d8       0x54 ./Drivers/STM32F4xx_HAL_Driver/Src/stm32f4xx_hal_cortex.o
 .text.NVIC_EncodePriority
                0x0800242c       0x66 ./Drivers/STM32F4xx_HAL_Driver/Src/stm32f4xx_hal_cortex.o
 *fill*         0x08002492        0x2 
 .text.SysTick_Config
                0x08002494       0x44 ./Drivers/STM32F4xx_HAL_Driver/Src/stm32f4xx_hal_cortex.o
 .text.HAL_NVIC_SetPriorityGrouping
                0x080024d8       0x16 ./Drivers/STM32F4xx_HAL_Driver/Src/stm32f4xx_hal_cortex.o
                0x080024d8                HAL_NVIC_SetPriorityGrouping
 .text.HAL_NVIC_SetPriority
                0x080024ee       0x38 ./Drivers/STM32F4xx_HAL_Driver/Src/stm32f4xx_hal_cortex.o
                0x080024ee                HAL_NVIC_SetPriority
 .text.HAL_NVIC_EnableIRQ
                0x08002526       0x1c ./Drivers/STM32F4xx_HAL_Driver/Src/stm32f4xx_hal_cortex.o
                0x08002526                HAL_NVIC_EnableIRQ
 .text.HAL_SYSTICK_Config
                0x08002542       0x18 ./Drivers/STM32F4xx_HAL_Driver/Src/stm32f4xx_hal_cortex.o
                0x08002542                HAL_SYSTICK_Config
 *fill*         0x0800255a        0x2 
 .text.HAL_GPIO_Init
                0x0800255c      0x338 ./Drivers/STM32F4xx_HAL_Driver/Src/stm32f4xx_hal_gpio.o
                0x0800255c                HAL_GPIO_Init
 .text.HAL_GPIO_WritePin
                0x08002894       0x32 ./Drivers/STM32F4xx_HAL_Driver/Src/stm32f4xx_hal_gpio.o
                0x08002894                HAL_GPIO_WritePin
 *fill*         0x080028c6        0x2 
 .text.HAL_GPIO_EXTI_IRQHandler
                0x080028c8       0x30 ./Drivers/STM32F4xx_HAL_Driver/Src/stm32f4xx_hal_gpio.o
                0x080028c8                HAL_GPIO_EXTI_IRQHandler
 .text.HAL_GPIO_EXTI_Callback
                0x080028f8       0x16 ./Drivers/STM32F4xx_HAL_Driver/Src/stm32f4xx_hal_gpio.o
                0x080028f8                HAL_GPIO_EXTI_Callback
 *fill*         0x0800290e        0x2 
 .text.HAL_RCC_OscConfig
                0x08002910      0x4f0 ./Drivers/STM32F4xx_HAL_Driver/Src/stm32f4xx_hal_rcc.o
                0x08002910                HAL_RCC_OscConfig
 .text.HAL_RCC_ClockConfig
                0x08002e00      0x1cc ./Drivers/STM32F4xx_HAL_Driver/Src/stm32f4xx_hal_rcc.o
                0x08002e00                HAL_RCC_ClockConfig
 .text.HAL_RCC_GetSysClockFreq
                0x08002fcc      0x18c ./Drivers/STM32F4xx_HAL_Driver/Src/stm32f4xx_hal_rcc.o
                0x08002fcc                HAL_RCC_GetSysClockFreq
 .text.HAL_SPI_Init
                0x08003158      0x112 ./Drivers/STM32F4xx_HAL_Driver/Src/stm32f4xx_hal_spi.o
                0x08003158                HAL_SPI_Init
 .text.HAL_SPI_Transmit
                0x0800326a      0x288 ./Drivers/STM32F4xx_HAL_Driver/Src/stm32f4xx_hal_spi.o
                0x0800326a                HAL_SPI_Transmit
 *fill*         0x080034f2        0x2 
 .text.SPI_WaitFlagStateUntilTimeout
                0x080034f4      0x110 ./Drivers/STM32F4xx_HAL_Driver/Src/stm32f4xx_hal_spi.o
 .text.SPI_EndRxTxTransaction
                0x08003604       0xa8 ./Drivers/STM32F4xx_HAL_Driver/Src/stm32f4xx_hal_spi.o
 .text.HAL_TIM_Base_Init
                0x080036ac       0x9e ./Drivers/STM32F4xx_HAL_Driver/Src/stm32f4xx_hal_tim.o
                0x080036ac                HAL_TIM_Base_Init
 .text.HAL_TIM_PWM_Init
                0x0800374a       0x9e ./Drivers/STM32F4xx_HAL_Driver/Src/stm32f4xx_hal_tim.o
                0x0800374a                HAL_TIM_PWM_Init
 .text.HAL_TIM_PWM_MspInit
                0x080037e8       0x14 ./Drivers/STM32F4xx_HAL_Driver/Src/stm32f4xx_hal_tim.o
                0x080037e8                HAL_TIM_PWM_MspInit
 .text.HAL_TIM_PWM_Start
                0x080037fc      0x190 ./Drivers/STM32F4xx_HAL_Driver/Src/stm32f4xx_hal_tim.o
                0x080037fc                HAL_TIM_PWM_Start
 .text.HAL_TIM_PWM_ConfigChannel
                0x0800398c      0x184 ./Drivers/STM32F4xx_HAL_Driver/Src/stm32f4xx_hal_tim.o
                0x0800398c                HAL_TIM_PWM_ConfigChannel
 .text.HAL_TIM_ConfigClockSource
                0x08003b10      0x18e ./Drivers/STM32F4xx_HAL_Driver/Src/stm32f4xx_hal_tim.o
                0x08003b10                HAL_TIM_ConfigClockSource
 *fill*         0x08003c9e        0x2 
 .text.TIM_Base_SetConfig
                0x08003ca0      0x14c ./Drivers/STM32F4xx_HAL_Driver/Src/stm32f4xx_hal_tim.o
                0x08003ca0                TIM_Base_SetConfig
 .text.TIM_OC1_SetConfig
                0x08003dec       0xe0 ./Drivers/STM32F4xx_HAL_Driver/Src/stm32f4xx_hal_tim.o
 .text.TIM_OC2_SetConfig
                0x08003ecc       0xec ./Drivers/STM32F4xx_HAL_Driver/Src/stm32f4xx_hal_tim.o
                0x08003ecc                TIM_OC2_SetConfig
 .text.TIM_OC3_SetConfig
                0x08003fb8       0xe8 ./Drivers/STM32F4xx_HAL_Driver/Src/stm32f4xx_hal_tim.o
 .text.TIM_OC4_SetConfig
                0x080040a0       0xac ./Drivers/STM32F4xx_HAL_Driver/Src/stm32f4xx_hal_tim.o
 .text.TIM_TI1_ConfigInputStage
                0x0800414c       0x5e ./Drivers/STM32F4xx_HAL_Driver/Src/stm32f4xx_hal_tim.o
 .text.TIM_TI2_ConfigInputStage
                0x080041aa       0x60 ./Drivers/STM32F4xx_HAL_Driver/Src/stm32f4xx_hal_tim.o
 .text.TIM_ITRx_SetConfig
                0x0800420a       0x36 ./Drivers/STM32F4xx_HAL_Driver/Src/stm32f4xx_hal_tim.o
 .text.TIM_ETR_SetConfig
                0x08004240       0x40 ./Drivers/STM32F4xx_HAL_Driver/Src/stm32f4xx_hal_tim.o
                0x08004240                TIM_ETR_SetConfig
 .text.TIM_CCxChannelCmd
                0x08004280       0x4a ./Drivers/STM32F4xx_HAL_Driver/Src/stm32f4xx_hal_tim.o
                0x08004280                TIM_CCxChannelCmd
 *fill*         0x080042ca        0x2 
 .text.HAL_TIMEx_MasterConfigSynchronization
                0x080042cc       0xf8 ./Drivers/STM32F4xx_HAL_Driver/Src/stm32f4xx_hal_tim_ex.o
                0x080042cc                HAL_TIMEx_MasterConfigSynchronization
 .text.HAL_TIMEx_ConfigBreakDeadTime
                0x080043c4       0xa4 ./Drivers/STM32F4xx_HAL_Driver/Src/stm32f4xx_hal_tim_ex.o
                0x080043c4                HAL_TIMEx_ConfigBreakDeadTime
 .text.memset   0x08004468       0x10 C:/ST/STM32CubeIDE_1.17.0/STM32CubeIDE/plugins/com.st.stm32cube.ide.mcu.externaltools.gnu-tools-for-stm32.13.3.rel1.win32_1.0.0.202411081344/tools/bin/../lib/gcc/arm-none-eabi/13.3.1/../../../../arm-none-eabi/lib/thumb/v7e-m+fp/hard\libc_nano.a(libc_a-memset.o)
                0x08004468                memset
 .text.__libc_init_array
                0x08004478       0x48 C:/ST/STM32CubeIDE_1.17.0/STM32CubeIDE/plugins/com.st.stm32cube.ide.mcu.externaltools.gnu-tools-for-stm32.13.3.rel1.win32_1.0.0.202411081344/tools/bin/../lib/gcc/arm-none-eabi/13.3.1/../../../../arm-none-eabi/lib/thumb/v7e-m+fp/hard\libc_nano.a(libc_a-init.o)
                0x08004478                __libc_init_array
 .text.cosf     0x080044c0       0x88 C:/ST/STM32CubeIDE_1.17.0/STM32CubeIDE/plugins/com.st.stm32cube.ide.mcu.externaltools.gnu-tools-for-stm32.13.3.rel1.win32_1.0.0.202411081344/tools/bin/../lib/gcc/arm-none-eabi/13.3.1/../../../../arm-none-eabi/lib/thumb/v7e-m+fp/hard\libm.a(libm_a-sf_cos.o)
                0x080044c0                cosf
 .text.sinf     0x08004548       0x8c C:/ST/STM32CubeIDE_1.17.0/STM32CubeIDE/plugins/com.st.stm32cube.ide.mcu.externaltools.gnu-tools-for-stm32.13.3.rel1.win32_1.0.0.202411081344/tools/bin/../lib/gcc/arm-none-eabi/13.3.1/../../../../arm-none-eabi/lib/thumb/v7e-m+fp/hard\libm.a(libm_a-sf_sin.o)
                0x08004548                sinf
 .text.__kernel_cosf
                0x080045d4       0xb0 C:/ST/STM32CubeIDE_1.17.0/STM32CubeIDE/plugins/com.st.stm32cube.ide.mcu.externaltools.gnu-tools-for-stm32.13.3.rel1.win32_1.0.0.202411081344/tools/bin/../lib/gcc/arm-none-eabi/13.3.1/../../../../arm-none-eabi/lib/thumb/v7e-m+fp/hard\libm.a(libm_a-kf_cos.o)
                0x080045d4                __kernel_cosf
 .text.__kernel_sinf
                0x08004684       0x90 C:/ST/STM32CubeIDE_1.17.0/STM32CubeIDE/plugins/com.st.stm32cube.ide.mcu.externaltools.gnu-tools-for-stm32.13.3.rel1.win32_1.0.0.202411081344/tools/bin/../lib/gcc/arm-none-eabi/13.3.1/../../../../arm-none-eabi/lib/thumb/v7e-m+fp/hard\libm.a(libm_a-kf_sin.o)
                0x08004684                __kernel_sinf
 .text.__ieee754_rem_pio2f
                0x08004714      0x260 C:/ST/STM32CubeIDE_1.17.0/STM32CubeIDE/plugins/com.st.stm32cube.ide.mcu.externaltools.gnu-tools-for-stm32.13.3.rel1.win32_1.0.0.202411081344/tools/bin/../lib/gcc/arm-none-eabi/13.3.1/../../../../arm-none-eabi/lib/thumb/v7e-m+fp/hard\libm.a(libm_a-ef_rem_pio2.o)
                0x08004714                __ieee754_rem_pio2f
 .text.fabsf    0x08004974        0xe C:/ST/STM32CubeIDE_1.17.0/STM32CubeIDE/plugins/com.st.stm32cube.ide.mcu.externaltools.gnu-tools-for-stm32.13.3.rel1.win32_1.0.0.202411081344/tools/bin/../lib/gcc/arm-none-eabi/13.3.1/../../../../arm-none-eabi/lib/thumb/v7e-m+fp/hard\libm.a(libm_a-sf_fabs.o)
                0x08004974                fabsf
 *fill*         0x08004982        0x2 
 .text.__kernel_rem_pio2f
                0x08004984      0x4d0 C:/ST/STM32CubeIDE_1.17.0/STM32CubeIDE/plugins/com.st.stm32cube.ide.mcu.externaltools.gnu-tools-for-stm32.13.3.rel1.win32_1.0.0.202411081344/tools/bin/../lib/gcc/arm-none-eabi/13.3.1/../../../../arm-none-eabi/lib/thumb/v7e-m+fp/hard\libm.a(libm_a-kf_rem_pio2.o)
                0x08004984                __kernel_rem_pio2f
 .text.scalbnf  0x08004e54       0xcc C:/ST/STM32CubeIDE_1.17.0/STM32CubeIDE/plugins/com.st.stm32cube.ide.mcu.externaltools.gnu-tools-for-stm32.13.3.rel1.win32_1.0.0.202411081344/tools/bin/../lib/gcc/arm-none-eabi/13.3.1/../../../../arm-none-eabi/lib/thumb/v7e-m+fp/hard\libm.a(libm_a-sf_scalbn.o)
                0x08004e54                scalbnf
 .text.floorf   0x08004f20       0x88 C:/ST/STM32CubeIDE_1.17.0/STM32CubeIDE/plugins/com.st.stm32cube.ide.mcu.externaltools.gnu-tools-for-stm32.13.3.rel1.win32_1.0.0.202411081344/tools/bin/../lib/gcc/arm-none-eabi/13.3.1/../../../../arm-none-eabi/lib/thumb/v7e-m+fp/hard\libm.a(libm_a-sf_floor.o)
                0x08004f20                floorf
 *(.glue_7)
 .glue_7        0x08004fa8        0x0 linker stubs
 *(.glue_7t)
 .glue_7t       0x08004fa8        0x0 linker stubs
 *(.eh_frame)
 .eh_frame      0x08004fa8        0x0 C:/ST/STM32CubeIDE_1.17.0/STM32CubeIDE/plugins/com.st.stm32cube.ide.mcu.externaltools.gnu-tools-for-stm32.13.3.rel1.win32_1.0.0.202411081344/tools/bin/../lib/gcc/arm-none-eabi/13.3.1/thumb/v7e-m+fp/hard/crtbegin.o
 *(.init)
 .init          0x08004fa8        0x4 C:/ST/STM32CubeIDE_1.17.0/STM32CubeIDE/plugins/com.st.stm32cube.ide.mcu.externaltools.gnu-tools-for-stm32.13.3.rel1.win32_1.0.0.202411081344/tools/bin/../lib/gcc/arm-none-eabi/13.3.1/thumb/v7e-m+fp/hard/crti.o
                0x08004fa8                _init
 .init          0x08004fac        0x8 C:/ST/STM32CubeIDE_1.17.0/STM32CubeIDE/plugins/com.st.stm32cube.ide.mcu.externaltools.gnu-tools-for-stm32.13.3.rel1.win32_1.0.0.202411081344/tools/bin/../lib/gcc/arm-none-eabi/13.3.1/thumb/v7e-m+fp/hard/crtn.o
 *(.fini)
 .fini          0x08004fb4        0x4 C:/ST/STM32CubeIDE_1.17.0/STM32CubeIDE/plugins/com.st.stm32cube.ide.mcu.externaltools.gnu-tools-for-stm32.13.3.rel1.win32_1.0.0.202411081344/tools/bin/../lib/gcc/arm-none-eabi/13.3.1/thumb/v7e-m+fp/hard/crti.o
                0x08004fb4                _fini
 .fini          0x08004fb8        0x8 C:/ST/STM32CubeIDE_1.17.0/STM32CubeIDE/plugins/com.st.stm32cube.ide.mcu.externaltools.gnu-tools-for-stm32.13.3.rel1.win32_1.0.0.202411081344/tools/bin/../lib/gcc/arm-none-eabi/13.3.1/thumb/v7e-m+fp/hard/crtn.o
                0x08004fc0                        . = ALIGN (0x4)
                0x08004fc0                        _etext = .

.vfp11_veneer   0x08004fc0        0x0
 .vfp11_veneer  0x08004fc0        0x0 linker stubs

.v4_bx          0x08004fc0        0x0
 .v4_bx         0x08004fc0        0x0 linker stubs

.iplt           0x08004fc0        0x0
 .iplt          0x08004fc0        0x0 C:/ST/STM32CubeIDE_1.17.0/STM32CubeIDE/plugins/com.st.stm32cube.ide.mcu.externaltools.gnu-tools-for-stm32.13.3.rel1.win32_1.0.0.202411081344/tools/bin/../lib/gcc/arm-none-eabi/13.3.1/thumb/v7e-m+fp/hard/crtbegin.o

.rodata         0x08004fc0      0x44c
                0x08004fc0                        . = ALIGN (0x4)
 *(.rodata)
 .rodata        0x08004fc0       0x10 ./Core/Src/drivers_hardware.o
 .rodata        0x08004fd0       0x38 ./Core/Src/fisicas.o
 *(.rodata*)
 .rodata.FORMA.0
                0x08005008       0x24 ./Core/Src/fisicas.o
 .rodata.AHBPrescTable
                0x0800502c       0x10 ./Core/Src/system_stm32f4xx.o
                0x0800502c                AHBPrescTable
 .rodata.npio2_hw
                0x0800503c       0x80 C:/ST/STM32CubeIDE_1.17.0/STM32CubeIDE/plugins/com.st.stm32cube.ide.mcu.externaltools.gnu-tools-for-stm32.13.3.rel1.win32_1.0.0.202411081344/tools/bin/../lib/gcc/arm-none-eabi/13.3.1/../../../../arm-none-eabi/lib/thumb/v7e-m+fp/hard\libm.a(libm_a-ef_rem_pio2.o)
 .rodata.two_over_pi
                0x080050bc      0x318 C:/ST/STM32CubeIDE_1.17.0/STM32CubeIDE/plugins/com.st.stm32cube.ide.mcu.externaltools.gnu-tools-for-stm32.13.3.rel1.win32_1.0.0.202411081344/tools/bin/../lib/gcc/arm-none-eabi/13.3.1/../../../../arm-none-eabi/lib/thumb/v7e-m+fp/hard\libm.a(libm_a-ef_rem_pio2.o)
 .rodata.PIo2   0x080053d4       0x2c C:/ST/STM32CubeIDE_1.17.0/STM32CubeIDE/plugins/com.st.stm32cube.ide.mcu.externaltools.gnu-tools-for-stm32.13.3.rel1.win32_1.0.0.202411081344/tools/bin/../lib/gcc/arm-none-eabi/13.3.1/../../../../arm-none-eabi/lib/thumb/v7e-m+fp/hard\libm.a(libm_a-kf_rem_pio2.o)
 .rodata.init_jk
                0x08005400        0xc C:/ST/STM32CubeIDE_1.17.0/STM32CubeIDE/plugins/com.st.stm32cube.ide.mcu.externaltools.gnu-tools-for-stm32.13.3.rel1.win32_1.0.0.202411081344/tools/bin/../lib/gcc/arm-none-eabi/13.3.1/../../../../arm-none-eabi/lib/thumb/v7e-m+fp/hard\libm.a(libm_a-kf_rem_pio2.o)
                0x0800540c                        . = ALIGN (0x4)

.ARM.extab      0x0800540c        0x0
                0x0800540c                        . = ALIGN (0x4)
 *(.ARM.extab* .gnu.linkonce.armextab.*)
                0x0800540c                        . = ALIGN (0x4)

.ARM            0x0800540c        0x8
                0x0800540c                        . = ALIGN (0x4)
                0x0800540c                        __exidx_start = .
 *(.ARM.exidx*)
 .ARM.exidx     0x0800540c        0x8 C:/ST/STM32CubeIDE_1.17.0/STM32CubeIDE/plugins/com.st.stm32cube.ide.mcu.externaltools.gnu-tools-for-stm32.13.3.rel1.win32_1.0.0.202411081344/tools/bin/../lib/gcc/arm-none-eabi/13.3.1/thumb/v7e-m+fp/hard\libgcc.a(_udivmoddi4.o)
                0x08005414                        __exidx_end = .
                0x08005414                        . = ALIGN (0x4)

.preinit_array  0x08005414        0x0
                0x08005414                        . = ALIGN (0x4)
                0x08005414                        PROVIDE (__preinit_array_start = .)
 *(.preinit_array*)
                0x08005414                        PROVIDE (__preinit_array_end = .)
                0x08005414                        . = ALIGN (0x4)

.init_array     0x08005414        0x4
                0x08005414                        . = ALIGN (0x4)
                0x08005414                        PROVIDE (__init_array_start = .)
 *(SORT_BY_NAME(.init_array.*))
 *(.init_array*)
 .init_array    0x08005414        0x4 C:/ST/STM32CubeIDE_1.17.0/STM32CubeIDE/plugins/com.st.stm32cube.ide.mcu.externaltools.gnu-tools-for-stm32.13.3.rel1.win32_1.0.0.202411081344/tools/bin/../lib/gcc/arm-none-eabi/13.3.1/thumb/v7e-m+fp/hard/crtbegin.o
                0x08005418                        PROVIDE (__init_array_end = .)
                0x08005418                        . = ALIGN (0x4)

.fini_array     0x08005418        0x4
                0x08005418                        . = ALIGN (0x4)
                [!provide]                        PROVIDE (__fini_array_start = .)
 *(SORT_BY_NAME(.fini_array.*))
 *(.fini_array*)
 .fini_array    0x08005418        0x4 C:/ST/STM32CubeIDE_1.17.0/STM32CubeIDE/plugins/com.st.stm32cube.ide.mcu.externaltools.gnu-tools-for-stm32.13.3.rel1.win32_1.0.0.202411081344/tools/bin/../lib/gcc/arm-none-eabi/13.3.1/thumb/v7e-m+fp/hard/crtbegin.o
                [!provide]                        PROVIDE (__fini_array_end = .)
                0x0800541c                        . = ALIGN (0x4)
                0x0800541c                        _sidata = LOADADDR (.data)

.rel.dyn        0x0800541c        0x0
 .rel.iplt      0x0800541c        0x0 C:/ST/STM32CubeIDE_1.17.0/STM32CubeIDE/plugins/com.st.stm32cube.ide.mcu.externaltools.gnu-tools-for-stm32.13.3.rel1.win32_1.0.0.202411081344/tools/bin/../lib/gcc/arm-none-eabi/13.3.1/thumb/v7e-m+fp/hard/crtbegin.o

.data           0x20000000        0xc load address 0x0800541c
                0x20000000                        . = ALIGN (0x4)
                0x20000000                        _sdata = .
 *(.data)
 *(.data*)
 .data.SystemCoreClock
                0x20000000        0x4 ./Core/Src/system_stm32f4xx.o
                0x20000000                SystemCoreClock
 .data.uwTickPrio
                0x20000004        0x4 ./Drivers/STM32F4xx_HAL_Driver/Src/stm32f4xx_hal.o
                0x20000004                uwTickPrio
 .data.uwTickFreq
                0x20000008        0x1 ./Drivers/STM32F4xx_HAL_Driver/Src/stm32f4xx_hal.o
                0x20000008                uwTickFreq
 *(.RamFunc)
 *(.RamFunc*)
                0x2000000c                        . = ALIGN (0x4)
 *fill*         0x20000009        0x3 
                0x2000000c                        _edata = .
                0x08005428                        _siccmram = LOADADDR (.ccmram)

.igot.plt       0x2000000c        0x0 load address 0x08005428
 .igot.plt      0x2000000c        0x0 C:/ST/STM32CubeIDE_1.17.0/STM32CubeIDE/plugins/com.st.stm32cube.ide.mcu.externaltools.gnu-tools-for-stm32.13.3.rel1.win32_1.0.0.202411081344/tools/bin/../lib/gcc/arm-none-eabi/13.3.1/thumb/v7e-m+fp/hard/crtbegin.o

.ccmram         0x10000000        0x0 load address 0x08005428
                0x10000000                        . = ALIGN (0x4)
                0x10000000                        _sccmram = .
 *(.ccmram)
 *(.ccmram*)
                0x10000000                        . = ALIGN (0x4)
                0x10000000                        _eccmram = .
                0x10000000                        . = ALIGN (0x4)

.bss            0x2000000c      0x15c
                0x2000000c                        _sbss = .
                0x2000000c                        __bss_start__ = _sbss
 *(.bss)
 .bss           0x2000000c       0x1c C:/ST/STM32CubeIDE_1.17.0/STM32CubeIDE/plugins/com.st.stm32cube.ide.mcu.externaltools.gnu-tools-for-stm32.13.3.rel1.win32_1.0.0.202411081344/tools/bin/../lib/gcc/arm-none-eabi/13.3.1/thumb/v7e-m+fp/hard/crtbegin.o
 *(.bss*)
 .bss.framebuffer
                0x20000028       0x40 ./Core/Src/fisicas.o
 .bss.bala_x    0x20000068        0x4 ./Core/Src/fisicas.o
 .bss.bala_y    0x2000006c        0x4 ./Core/Src/fisicas.o
 .bss.bala_vx   0x20000070        0x4 ./Core/Src/fisicas.o
 .bss.bala_vy   0x20000074        0x4 ./Core/Src/fisicas.o
 .bss.hadc1     0x20000078       0x48 ./Core/Src/main.o
                0x20000078                hadc1
 .bss.hspi1     0x200000c0       0x58 ./Core/Src/main.o
                0x200000c0                hspi1
 .bss.htim1     0x20000118       0x48 ./Core/Src/main.o
                0x20000118                htim1
 .bss.flag_btn_j1
                0x20000160        0x1 ./Core/Src/main.o
                0x20000160                flag_btn_j1
 .bss.flag_btn_j2
                0x20000161        0x1 ./Core/Src/main.o
                0x20000161                flag_btn_j2
 *fill*         0x20000162        0x2 
 .bss.uwTick    0x20000164        0x4 ./Drivers/STM32F4xx_HAL_Driver/Src/stm32f4xx_hal.o
                0x20000164                uwTick
 *(COMMON)
                0x20000168                        . = ALIGN (0x4)
                0x20000168                        _ebss = .
                0x20000168                        __bss_end__ = _ebss

._user_heap_stack
                0x20000168      0x600
                0x20000168                        . = ALIGN (0x8)
                [!provide]                        PROVIDE (end = .)
                0x20000168                        PROVIDE (_end = .)
                0x20000368                        . = (. + _Min_Heap_Size)
 *fill*         0x20000168      0x200 
                0x20000768                        . = (. + _Min_Stack_Size)
 *fill*         0x20000368      0x400 
                0x20000768                        . = ALIGN (0x8)

/DISCARD/
 libc.a(*)
 libm.a(*)
 libgcc.a(*)

.ARM.attributes
                0x00000000       0x30
 *(.ARM.attributes)
 .ARM.attributes
                0x00000000       0x22 C:/ST/STM32CubeIDE_1.17.0/STM32CubeIDE/plugins/com.st.stm32cube.ide.mcu.externaltools.gnu-tools-for-stm32.13.3.rel1.win32_1.0.0.202411081344/tools/bin/../lib/gcc/arm-none-eabi/13.3.1/thumb/v7e-m+fp/hard/crti.o
 .ARM.attributes
                0x00000022       0x34 C:/ST/STM32CubeIDE_1.17.0/STM32CubeIDE/plugins/com.st.stm32cube.ide.mcu.externaltools.gnu-tools-for-stm32.13.3.rel1.win32_1.0.0.202411081344/tools/bin/../lib/gcc/arm-none-eabi/13.3.1/thumb/v7e-m+fp/hard/crtbegin.o
 .ARM.attributes
                0x00000056       0x34 ./Core/Src/drivers_hardware.o
 .ARM.attributes
                0x0000008a       0x34 ./Core/Src/fisicas.o
 .ARM.attributes
                0x000000be       0x34 ./Core/Src/fsm_juego.o
 .ARM.attributes
                0x000000f2       0x34 ./Core/Src/main.o
 .ARM.attributes
                0x00000126       0x34 ./Core/Src/stm32f4xx_hal_msp.o
 .ARM.attributes
                0x0000015a       0x34 ./Core/Src/stm32f4xx_it.o
 .ARM.attributes
                0x0000018e       0x34 ./Core/Src/system_stm32f4xx.o
 .ARM.attributes
                0x000001c2       0x21 ./Core/Startup/startup_stm32f407vgtx.o
 .ARM.attributes
                0x000001e3       0x34 ./Drivers/STM32F4xx_HAL_Driver/Src/stm32f4xx_hal.o
 .ARM.attributes
                0x00000217       0x34 ./Drivers/STM32F4xx_HAL_Driver/Src/stm32f4xx_hal_adc.o
 .ARM.attributes
                0x0000024b       0x34 ./Drivers/STM32F4xx_HAL_Driver/Src/stm32f4xx_hal_cortex.o
 .ARM.attributes
                0x0000027f       0x34 ./Drivers/STM32F4xx_HAL_Driver/Src/stm32f4xx_hal_gpio.o
 .ARM.attributes
                0x000002b3       0x34 ./Drivers/STM32F4xx_HAL_Driver/Src/stm32f4xx_hal_rcc.o
 .ARM.attributes
                0x000002e7       0x34 ./Drivers/STM32F4xx_HAL_Driver/Src/stm32f4xx_hal_spi.o
 .ARM.attributes
                0x0000031b       0x34 ./Drivers/STM32F4xx_HAL_Driver/Src/stm32f4xx_hal_tim.o
 .ARM.attributes
                0x0000034f       0x34 ./Drivers/STM32F4xx_HAL_Driver/Src/stm32f4xx_hal_tim_ex.o
 .ARM.attributes
                0x00000383       0x34 C:/ST/STM32CubeIDE_1.17.0/STM32CubeIDE/plugins/com.st.stm32cube.ide.mcu.externaltools.gnu-tools-for-stm32.13.3.rel1.win32_1.0.0.202411081344/tools/bin/../lib/gcc/arm-none-eabi/13.3.1/../../../../arm-none-eabi/lib/thumb/v7e-m+fp/hard\libc_nano.a(libc_a-memset.o)
 .ARM.attributes
                0x000003b7       0x34 C:/ST/STM32CubeIDE_1.17.0/STM32CubeIDE/plugins/com.st.stm32cube.ide.mcu.externaltools.gnu-tools-for-stm32.13.3.rel1.win32_1.0.0.202411081344/tools/bin/../lib/gcc/arm-none-eabi/13.3.1/../../../../arm-none-eabi/lib/thumb/v7e-m+fp/hard\libc_nano.a(libc_a-init.o)
 .ARM.attributes
                0x000003eb       0x34 C:/ST/STM32CubeIDE_1.17.0/STM32CubeIDE/plugins/com.st.stm32cube.ide.mcu.externaltools.gnu-tools-for-stm32.13.3.rel1.win32_1.0.0.202411081344/tools/bin/../lib/gcc/arm-none-eabi/13.3.1/../../../../arm-none-eabi/lib/thumb/v7e-m+fp/hard\libm.a(libm_a-sf_cos.o)
 .ARM.attributes
                0x0000041f       0x34 C:/ST/STM32CubeIDE_1.17.0/STM32CubeIDE/plugins/com.st.stm32cube.ide.mcu.externaltools.gnu-tools-for-stm32.13.3.rel1.win32_1.0.0.202411081344/tools/bin/../lib/gcc/arm-none-eabi/13.3.1/../../../../arm-none-eabi/lib/thumb/v7e-m+fp/hard\libm.a(libm_a-sf_sin.o)
 .ARM.attributes
                0x00000453       0x34 C:/ST/STM32CubeIDE_1.17.0/STM32CubeIDE/plugins/com.st.stm32cube.ide.mcu.externaltools.gnu-tools-for-stm32.13.3.rel1.win32_1.0.0.202411081344/tools/bin/../lib/gcc/arm-none-eabi/13.3.1/../../../../arm-none-eabi/lib/thumb/v7e-m+fp/hard\libm.a(libm_a-kf_cos.o)
 .ARM.attributes
                0x00000487       0x34 C:/ST/STM32CubeIDE_1.17.0/STM32CubeIDE/plugins/com.st.stm32cube.ide.mcu.externaltools.gnu-tools-for-stm32.13.3.rel1.win32_1.0.0.202411081344/tools/bin/../lib/gcc/arm-none-eabi/13.3.1/../../../../arm-none-eabi/lib/thumb/v7e-m+fp/hard\libm.a(libm_a-kf_sin.o)
 .ARM.attributes
                0x000004bb       0x34 C:/ST/STM32CubeIDE_1.17.0/STM32CubeIDE/plugins/com.st.stm32cube.ide.mcu.externaltools.gnu-tools-for-stm32.13.3.rel1.win32_1.0.0.202411081344/tools/bin/../lib/gcc/arm-none-eabi/13.3.1/../../../../arm-none-eabi/lib/thumb/v7e-m+fp/hard\libm.a(libm_a-ef_rem_pio2.o)
 .ARM.attributes
                0x000004ef       0x34 C:/ST/STM32CubeIDE_1.17.0/STM32CubeIDE/plugins/com.st.stm32cube.ide.mcu.externaltools.gnu-tools-for-stm32.13.3.rel1.win32_1.0.0.202411081344/tools/bin/../lib/gcc/arm-none-eabi/13.3.1/../../../../arm-none-eabi/lib/thumb/v7e-m+fp/hard\libm.a(libm_a-sf_fabs.o)
 .ARM.attributes
                0x00000523       0x34 C:/ST/STM32CubeIDE_1.17.0/STM32CubeIDE/plugins/com.st.stm32cube.ide.mcu.externaltools.gnu-tools-for-stm32.13.3.rel1.win32_1.0.0.202411081344/tools/bin/../lib/gcc/arm-none-eabi/13.3.1/../../../../arm-none-eabi/lib/thumb/v7e-m+fp/hard\libm.a(libm_a-kf_rem_pio2.o)
 .ARM.attributes
                0x00000557       0x34 C:/ST/STM32CubeIDE_1.17.0/STM32CubeIDE/plugins/com.st.stm32cube.ide.mcu.externaltools.gnu-tools-for-stm32.13.3.rel1.win32_1.0.0.202411081344/tools/bin/../lib/gcc/arm-none-eabi/13.3.1/../../../../arm-none-eabi/lib/thumb/v7e-m+fp/hard\libm.a(libm_a-sf_scalbn.o)
 .ARM.attributes
                0x0000058b       0x34 C:/ST/STM32CubeIDE_1.17.0/STM32CubeIDE/plugins/com.st.stm32cube.ide.mcu.externaltools.gnu-tools-for-stm32.13.3.rel1.win32_1.0.0.202411081344/tools/bin/../lib/gcc/arm-none-eabi/13.3.1/../../../../arm-none-eabi/lib/thumb/v7e-m+fp/hard\libm.a(libm_a-sf_floor.o)
 .ARM.attributes
                0x000005bf       0x22 C:/ST/STM32CubeIDE_1.17.0/STM32CubeIDE/plugins/com.st.stm32cube.ide.mcu.externaltools.gnu-tools-for-stm32.13.3.rel1.win32_1.0.0.202411081344/tools/bin/../lib/gcc/arm-none-eabi/13.3.1/thumb/v7e-m+fp/hard\libgcc.a(_aeabi_uldivmod.o)
 .ARM.attributes
                0x000005e1       0x34 C:/ST/STM32CubeIDE_1.17.0/STM32CubeIDE/plugins/com.st.stm32cube.ide.mcu.externaltools.gnu-tools-for-stm32.13.3.rel1.win32_1.0.0.202411081344/tools/bin/../lib/gcc/arm-none-eabi/13.3.1/thumb/v7e-m+fp/hard\libgcc.a(_udivmoddi4.o)
 .ARM.attributes
                0x00000615       0x22 C:/ST/STM32CubeIDE_1.17.0/STM32CubeIDE/plugins/com.st.stm32cube.ide.mcu.externaltools.gnu-tools-for-stm32.13.3.rel1.win32_1.0.0.202411081344/tools/bin/../lib/gcc/arm-none-eabi/13.3.1/thumb/v7e-m+fp/hard\libgcc.a(_dvmd_tls.o)
 .ARM.attributes
                0x00000637       0x22 C:/ST/STM32CubeIDE_1.17.0/STM32CubeIDE/plugins/com.st.stm32cube.ide.mcu.externaltools.gnu-tools-for-stm32.13.3.rel1.win32_1.0.0.202411081344/tools/bin/../lib/gcc/arm-none-eabi/13.3.1/thumb/v7e-m+fp/hard/crtn.o
OUTPUT(Micros_tanks.elf elf32-littlearm)
LOAD linker stubs
LOAD C:/ST/STM32CubeIDE_1.17.0/STM32CubeIDE/plugins/com.st.stm32cube.ide.mcu.externaltools.gnu-tools-for-stm32.13.3.rel1.win32_1.0.0.202411081344/tools/bin/../lib/gcc/arm-none-eabi/13.3.1/../../../../arm-none-eabi/lib/thumb/v7e-m+fp/hard\libc.a
LOAD C:/ST/STM32CubeIDE_1.17.0/STM32CubeIDE/plugins/com.st.stm32cube.ide.mcu.externaltools.gnu-tools-for-stm32.13.3.rel1.win32_1.0.0.202411081344/tools/bin/../lib/gcc/arm-none-eabi/13.3.1/../../../../arm-none-eabi/lib/thumb/v7e-m+fp/hard\libm.a
LOAD C:/ST/STM32CubeIDE_1.17.0/STM32CubeIDE/plugins/com.st.stm32cube.ide.mcu.externaltools.gnu-tools-for-stm32.13.3.rel1.win32_1.0.0.202411081344/tools/bin/../lib/gcc/arm-none-eabi/13.3.1/thumb/v7e-m+fp/hard\libgcc.a

.debug_info     0x00000000     0xce5b
 .debug_info    0x00000000      0xfc2 ./Core/Src/drivers_hardware.o
 .debug_info    0x00000fc2      0x58e ./Core/Src/fisicas.o
 .debug_info    0x00001550      0x269 ./Core/Src/fsm_juego.o
 .debug_info    0x000017b9     0x1902 ./Core/Src/main.o
 .debug_info    0x000030bb     0x102e ./Core/Src/stm32f4xx_hal_msp.o
 .debug_info    0x000040e9      0x15a ./Core/Src/stm32f4xx_it.o
 .debug_info    0x00004243      0x512 ./Core/Src/system_stm32f4xx.o
 .debug_info    0x00004755       0x30 ./Core/Startup/startup_stm32f407vgtx.o
 .debug_info    0x00004785      0x944 ./Drivers/STM32F4xx_HAL_Driver/Src/stm32f4xx_hal.o
 .debug_info    0x000050c9      0xce3 ./Drivers/STM32F4xx_HAL_Driver/Src/stm32f4xx_hal_adc.o
 .debug_info    0x00005dac      0xd8c ./Drivers/STM32F4xx_HAL_Driver/Src/stm32f4xx_hal_cortex.o
 .debug_info    0x00006b38      0x6c3 ./Drivers/STM32F4xx_HAL_Driver/Src/stm32f4xx_hal_gpio.o
 .debug_info    0x000071fb      0x8c3 ./Drivers/STM32F4xx_HAL_Driver/Src/stm32f4xx_hal_rcc.o
 .debug_info    0x00007abe     0x1525 ./Drivers/STM32F4xx_HAL_Driver/Src/stm32f4xx_hal_spi.o
 .debug_info    0x00008fe3     0x299d ./Drivers/STM32F4xx_HAL_Driver/Src/stm32f4xx_hal_tim.o
 .debug_info    0x0000b980     0x14db ./Drivers/STM32F4xx_HAL_Driver/Src/stm32f4xx_hal_tim_ex.o

.debug_abbrev   0x00000000     0x1ff1
 .debug_abbrev  0x00000000      0x27c ./Core/Src/drivers_hardware.o
 .debug_abbrev  0x0000027c      0x1f9 ./Core/Src/fisicas.o
 .debug_abbrev  0x00000475      0x15b ./Core/Src/fsm_juego.o
 .debug_abbrev  0x000005d0      0x2ba ./Core/Src/main.o
 .debug_abbrev  0x0000088a      0x206 ./Core/Src/stm32f4xx_hal_msp.o
 .debug_abbrev  0x00000a90       0xa0 ./Core/Src/stm32f4xx_it.o
 .debug_abbrev  0x00000b30      0x11a ./Core/Src/system_stm32f4xx.o
 .debug_abbrev  0x00000c4a       0x24 ./Core/Startup/startup_stm32f407vgtx.o
 .debug_abbrev  0x00000c6e      0x214 ./Drivers/STM32F4xx_HAL_Driver/Src/stm32f4xx_hal.o
 .debug_abbrev  0x00000e82      0x252 ./Drivers/STM32F4xx_HAL_Driver/Src/stm32f4xx_hal_adc.o
 .debug_abbrev  0x000010d4      0x31d ./Drivers/STM32F4xx_HAL_Driver/Src/stm32f4xx_hal_cortex.o
 .debug_abbrev  0x000013f1      0x1d4 ./Drivers/STM32F4xx_HAL_Driver/Src/stm32f4xx_hal_gpio.o
 .debug_abbrev  0x000015c5      0x2b7 ./Drivers/STM32F4xx_HAL_Driver/Src/stm32f4xx_hal_rcc.o
 .debug_abbrev  0x0000187c      0x27a ./Drivers/STM32F4xx_HAL_Driver/Src/stm32f4xx_hal_spi.o
 .debug_abbrev  0x00001af6      0x278 ./Drivers/STM32F4xx_HAL_Driver/Src/stm32f4xx_hal_tim.o
 .debug_abbrev  0x00001d6e      0x283 ./Drivers/STM32F4xx_HAL_Driver/Src/stm32f4xx_hal_tim_ex.o

.debug_aranges  0x00000000      0xd78
 .debug_aranges
                0x00000000       0x68 ./Core/Src/drivers_hardware.o
 .debug_aranges
                0x00000068       0x90 ./Core/Src/fisicas.o
 .debug_aranges
                0x000000f8       0x28 ./Core/Src/fsm_juego.o
 .debug_aranges
                0x00000120       0x50 ./Core/Src/main.o
 .debug_aranges
                0x00000170       0x58 ./Core/Src/stm32f4xx_hal_msp.o
 .debug_aranges
                0x000001c8       0x70 ./Core/Src/stm32f4xx_it.o
 .debug_aranges
                0x00000238       0x28 ./Core/Src/system_stm32f4xx.o
 .debug_aranges
                0x00000260       0x28 ./Core/Startup/startup_stm32f407vgtx.o
 .debug_aranges
                0x00000288       0xf0 ./Drivers/STM32F4xx_HAL_Driver/Src/stm32f4xx_hal.o
 .debug_aranges
                0x00000378       0xe8 ./Drivers/STM32F4xx_HAL_Driver/Src/stm32f4xx_hal_adc.o
 .debug_aranges
                0x00000460      0x130 ./Drivers/STM32F4xx_HAL_Driver/Src/stm32f4xx_hal_cortex.o
 .debug_aranges
                0x00000590       0x58 ./Drivers/STM32F4xx_HAL_Driver/Src/stm32f4xx_hal_gpio.o
 .debug_aranges
                0x000005e8       0x88 ./Drivers/STM32F4xx_HAL_Driver/Src/stm32f4xx_hal_rcc.o
 .debug_aranges
                0x00000670      0x1d0 ./Drivers/STM32F4xx_HAL_Driver/Src/stm32f4xx_hal_spi.o
 .debug_aranges
                0x00000840      0x3d0 ./Drivers/STM32F4xx_HAL_Driver/Src/stm32f4xx_hal_tim.o
 .debug_aranges
                0x00000c10      0x168 ./Drivers/STM32F4xx_HAL_Driver/Src/stm32f4xx_hal_tim_ex.o

.debug_rnglists
                0x00000000      0xa65
 .debug_rnglists
                0x00000000       0x4b ./Core/Src/drivers_hardware.o
 .debug_rnglists
                0x0000004b       0x6c ./Core/Src/fisicas.o
 .debug_rnglists
                0x000000b7       0x1a ./Core/Src/fsm_juego.o
 .debug_rnglists
                0x000000d1       0x3c ./Core/Src/main.o
 .debug_rnglists
                0x0000010d       0x3f ./Core/Src/stm32f4xx_hal_msp.o
 .debug_rnglists
                0x0000014c       0x4f ./Core/Src/stm32f4xx_it.o
 .debug_rnglists
                0x0000019b       0x1a ./Core/Src/system_stm32f4xx.o
 .debug_rnglists
                0x000001b5       0x19 ./Core/Startup/startup_stm32f407vgtx.o
 .debug_rnglists
                0x000001ce       0xaf ./Drivers/STM32F4xx_HAL_Driver/Src/stm32f4xx_hal.o
 .debug_rnglists
                0x0000027d       0xb5 ./Drivers/STM32F4xx_HAL_Driver/Src/stm32f4xx_hal_adc.o
 .debug_rnglists
                0x00000332       0xe0 ./Drivers/STM32F4xx_HAL_Driver/Src/stm32f4xx_hal_cortex.o
 .debug_rnglists
                0x00000412       0x3f ./Drivers/STM32F4xx_HAL_Driver/Src/stm32f4xx_hal_gpio.o
 .debug_rnglists
                0x00000451       0x66 ./Drivers/STM32F4xx_HAL_Driver/Src/stm32f4xx_hal_rcc.o
 .debug_rnglists
                0x000004b7      0x16f ./Drivers/STM32F4xx_HAL_Driver/Src/stm32f4xx_hal_spi.o
 .debug_rnglists
                0x00000626      0x31a ./Drivers/STM32F4xx_HAL_Driver/Src/stm32f4xx_hal_tim.o
 .debug_rnglists
                0x00000940      0x125 ./Drivers/STM32F4xx_HAL_Driver/Src/stm32f4xx_hal_tim_ex.o

.debug_macro    0x00000000    0x22761
 .debug_macro   0x00000000      0x2c3 ./Core/Src/drivers_hardware.o
 .debug_macro   0x000002c3      0xad8 ./Core/Src/drivers_hardware.o
 .debug_macro   0x00000d9b       0x22 ./Core/Src/drivers_hardware.o
 .debug_macro   0x00000dbd       0x8e ./Core/Src/drivers_hardware.o
 .debug_macro   0x00000e4b       0x51 ./Core/Src/drivers_hardware.o
 .debug_macro   0x00000e9c      0x103 ./Core/Src/drivers_hardware.o
 .debug_macro   0x00000f9f       0x6a ./Core/Src/drivers_hardware.o
 .debug_macro   0x00001009      0x1df ./Core/Src/drivers_hardware.o
 .debug_macro   0x000011e8      0x2a1 ./Core/Src/drivers_hardware.o
 .debug_macro   0x00001489       0x2e ./Core/Src/drivers_hardware.o
 .debug_macro   0x000014b7       0x2f ./Core/Src/drivers_hardware.o
 .debug_macro   0x000014e6       0x1c ./Core/Src/drivers_hardware.o
 .debug_macro   0x00001502       0x22 ./Core/Src/drivers_hardware.o
 .debug_macro   0x00001524       0xfb ./Core/Src/drivers_hardware.o
 .debug_macro   0x0000161f     0x1011 ./Core/Src/drivers_hardware.o
 .debug_macro   0x00002630      0x11f ./Core/Src/drivers_hardware.o
 .debug_macro   0x0000274f    0x15ea5 ./Core/Src/drivers_hardware.o
 .debug_macro   0x000185f4       0x6d ./Core/Src/drivers_hardware.o
 .debug_macro   0x00018661     0x3693 ./Core/Src/drivers_hardware.o
 .debug_macro   0x0001bcf4      0x190 ./Core/Src/drivers_hardware.o
 .debug_macro   0x0001be84       0x5c ./Core/Src/drivers_hardware.o
 .debug_macro   0x0001bee0      0x980 ./Core/Src/drivers_hardware.o
 .debug_macro   0x0001c860      0x9e9 ./Core/Src/drivers_hardware.o
 .debug_macro   0x0001d249      0x115 ./Core/Src/drivers_hardware.o
 .debug_macro   0x0001d35e      0x13e ./Core/Src/drivers_hardware.o
 .debug_macro   0x0001d49c       0xa5 ./Core/Src/drivers_hardware.o
 .debug_macro   0x0001d541      0x174 ./Core/Src/drivers_hardware.o
 .debug_macro   0x0001d6b5      0x287 ./Core/Src/drivers_hardware.o
 .debug_macro   0x0001d93c       0x5f ./Core/Src/drivers_hardware.o
 .debug_macro   0x0001d99b      0x236 ./Core/Src/drivers_hardware.o
 .debug_macro   0x0001dbd1      0xb5b ./Core/Src/drivers_hardware.o
 .debug_macro   0x0001e72c      0x38b ./Core/Src/drivers_hardware.o
 .debug_macro   0x0001eab7      0x176 ./Core/Src/drivers_hardware.o
 .debug_macro   0x0001ec2d       0xf9 ./Core/Src/drivers_hardware.o
 .debug_macro   0x0001ed26      0x12c ./Core/Src/drivers_hardware.o
 .debug_macro   0x0001ee52      0x21e ./Core/Src/drivers_hardware.o
 .debug_macro   0x0001f070       0x2e ./Core/Src/drivers_hardware.o
 .debug_macro   0x0001f09e      0x127 ./Core/Src/drivers_hardware.o
 .debug_macro   0x0001f1c5       0x7e ./Core/Src/drivers_hardware.o
 .debug_macro   0x0001f243       0x89 ./Core/Src/drivers_hardware.o
 .debug_macro   0x0001f2cc      0x225 ./Core/Src/drivers_hardware.o
 .debug_macro   0x0001f4f1      0x8ed ./Core/Src/drivers_hardware.o
 .debug_macro   0x0001fdde       0x4d ./Core/Src/drivers_hardware.o
 .debug_macro   0x0001fe2b      0x12d ./Core/Src/drivers_hardware.o
 .debug_macro   0x0001ff58       0x34 ./Core/Src/drivers_hardware.o
 .debug_macro   0x0001ff8c       0x52 ./Core/Src/drivers_hardware.o
 .debug_macro   0x0001ffde       0x61 ./Core/Src/drivers_hardware.o
 .debug_macro   0x0002003f       0x2a ./Core/Src/drivers_hardware.o
 .debug_macro   0x00020069       0x43 ./Core/Src/drivers_hardware.o
 .debug_macro   0x000200ac       0x34 ./Core/Src/drivers_hardware.o
 .debug_macro   0x000200e0      0x370 ./Core/Src/drivers_hardware.o
 .debug_macro   0x00020450       0x16 ./Core/Src/drivers_hardware.o
 .debug_macro   0x00020466       0x4a ./Core/Src/drivers_hardware.o
 .debug_macro   0x000204b0       0x34 ./Core/Src/drivers_hardware.o
 .debug_macro   0x000204e4       0x10 ./Core/Src/drivers_hardware.o
 .debug_macro   0x000204f4       0x58 ./Core/Src/drivers_hardware.o
 .debug_macro   0x0002054c       0x8e ./Core/Src/drivers_hardware.o
 .debug_macro   0x000205da       0x1c ./Core/Src/drivers_hardware.o
 .debug_macro   0x000205f6      0x185 ./Core/Src/drivers_hardware.o
 .debug_macro   0x0002077b      0x19b ./Core/Src/drivers_hardware.o
 .debug_macro   0x00020916      0x301 ./Core/Src/fisicas.o
 .debug_macro   0x00020c17       0x16 ./Core/Src/fisicas.o
 .debug_macro   0x00020c2d       0x3c ./Core/Src/fisicas.o
 .debug_macro   0x00020c69       0x16 ./Core/Src/fisicas.o
 .debug_macro   0x00020c7f       0x29 ./Core/Src/fisicas.o
 .debug_macro   0x00020ca8      0x230 ./Core/Src/fsm_juego.o
 .debug_macro   0x00020ed8      0x234 ./Core/Src/main.o
 .debug_macro   0x0002110c      0x205 ./Core/Src/stm32f4xx_hal_msp.o
 .debug_macro   0x00021311      0x20f ./Core/Src/stm32f4xx_it.o
 .debug_macro   0x00021520      0x1f6 ./Core/Src/system_stm32f4xx.o
 .debug_macro   0x00021716      0x256 ./Drivers/STM32F4xx_HAL_Driver/Src/stm32f4xx_hal.o
 .debug_macro   0x0002196c      0x1f7 ./Drivers/STM32F4xx_HAL_Driver/Src/stm32f4xx_hal_adc.o
 .debug_macro   0x00021b63      0x1f6 ./Drivers/STM32F4xx_HAL_Driver/Src/stm32f4xx_hal_cortex.o
 .debug_macro   0x00021d59      0x1fc ./Drivers/STM32F4xx_HAL_Driver/Src/stm32f4xx_hal_gpio.o
 .debug_macro   0x00021f55      0x21a ./Drivers/STM32F4xx_HAL_Driver/Src/stm32f4xx_hal_rcc.o
 .debug_macro   0x0002216f      0x205 ./Drivers/STM32F4xx_HAL_Driver/Src/stm32f4xx_hal_spi.o
 .debug_macro   0x00022374      0x1f7 ./Drivers/STM32F4xx_HAL_Driver/Src/stm32f4xx_hal_tim.o
 .debug_macro   0x0002256b      0x1f6 ./Drivers/STM32F4xx_HAL_Driver/Src/stm32f4xx_hal_tim_ex.o

.debug_line     0x00000000     0xf898
 .debug_line    0x00000000      0xafa ./Core/Src/drivers_hardware.o
 .debug_line    0x00000afa      0xcf9 ./Core/Src/fisicas.o
 .debug_line    0x000017f3      0x956 ./Core/Src/fsm_juego.o
 .debug_line    0x00002149      0xa34 ./Core/Src/main.o
 .debug_line    0x00002b7d      0x888 ./Core/Src/stm32f4xx_hal_msp.o
 .debug_line    0x00003405      0x86b ./Core/Src/stm32f4xx_it.o
 .debug_line    0x00003c70      0x802 ./Core/Src/system_stm32f4xx.o
 .debug_line    0x00004472       0x7a ./Core/Startup/startup_stm32f407vgtx.o
 .debug_line    0x000044ec      0xa7e ./Drivers/STM32F4xx_HAL_Driver/Src/stm32f4xx_hal.o
 .debug_line    0x00004f6a     0x1295 ./Drivers/STM32F4xx_HAL_Driver/Src/stm32f4xx_hal_adc.o
 .debug_line    0x000061ff      0xd4e ./Drivers/STM32F4xx_HAL_Driver/Src/stm32f4xx_hal_cortex.o
 .debug_line    0x00006f4d      0xbd6 ./Drivers/STM32F4xx_HAL_Driver/Src/stm32f4xx_hal_gpio.o
 .debug_line    0x00007b23      0xe8b ./Drivers/STM32F4xx_HAL_Driver/Src/stm32f4xx_hal_rcc.o
 .debug_line    0x000089ae     0x1d19 ./Drivers/STM32F4xx_HAL_Driver/Src/stm32f4xx_hal_spi.o
 .debug_line    0x0000a6c7     0x37f3 ./Drivers/STM32F4xx_HAL_Driver/Src/stm32f4xx_hal_tim.o
 .debug_line    0x0000deba     0x19de ./Drivers/STM32F4xx_HAL_Driver/Src/stm32f4xx_hal_tim_ex.o

.debug_str      0x00000000    0xd74eb
 .debug_str     0x00000000    0xd74eb ./Core/Src/drivers_hardware.o
                              0xd40c5 (size before relaxing)
 .debug_str     0x000d74eb    0xd3933 ./Core/Src/fisicas.o
 .debug_str     0x000d74eb    0xcfe88 ./Core/Src/fsm_juego.o
 .debug_str     0x000d74eb    0xd1283 ./Core/Src/main.o
 .debug_str     0x000d74eb    0xd064f ./Core/Src/stm32f4xx_hal_msp.o
 .debug_str     0x000d74eb    0xcfc58 ./Core/Src/stm32f4xx_it.o
 .debug_str     0x000d74eb    0xcfc6e ./Core/Src/system_stm32f4xx.o
 .debug_str     0x000d74eb       0x86 ./Core/Startup/startup_stm32f407vgtx.o
 .debug_str     0x000d74eb    0xd07f2 ./Drivers/STM32F4xx_HAL_Driver/Src/stm32f4xx_hal.o
 .debug_str     0x000d74eb    0xd025b ./Drivers/STM32F4xx_HAL_Driver/Src/stm32f4xx_hal_adc.o
 .debug_str     0x000d74eb    0xd056e ./Drivers/STM32F4xx_HAL_Driver/Src/stm32f4xx_hal_cortex.o
 .debug_str     0x000d74eb    0xcfde9 ./Drivers/STM32F4xx_HAL_Driver/Src/stm32f4xx_hal_gpio.o
 .debug_str     0x000d74eb    0xd00a2 ./Drivers/STM32F4xx_HAL_Driver/Src/stm32f4xx_hal_rcc.o
 .debug_str     0x000d74eb    0xd052c ./Drivers/STM32F4xx_HAL_Driver/Src/stm32f4xx_hal_spi.o
 .debug_str     0x000d74eb    0xd0ff8 ./Drivers/STM32F4xx_HAL_Driver/Src/stm32f4xx_hal_tim.o
 .debug_str     0x000d74eb    0xd0804 ./Drivers/STM32F4xx_HAL_Driver/Src/stm32f4xx_hal_tim_ex.o

.comment        0x00000000       0x43
 .comment       0x00000000       0x43 ./Core/Src/drivers_hardware.o
                                 0x44 (size before relaxing)
 .comment       0x00000043       0x44 ./Core/Src/fisicas.o
 .comment       0x00000043       0x44 ./Core/Src/fsm_juego.o
 .comment       0x00000043       0x44 ./Core/Src/main.o
 .comment       0x00000043       0x44 ./Core/Src/stm32f4xx_hal_msp.o
 .comment       0x00000043       0x44 ./Core/Src/stm32f4xx_it.o
 .comment       0x00000043       0x44 ./Core/Src/system_stm32f4xx.o
 .comment       0x00000043       0x44 ./Drivers/STM32F4xx_HAL_Driver/Src/stm32f4xx_hal.o
 .comment       0x00000043       0x44 ./Drivers/STM32F4xx_HAL_Driver/Src/stm32f4xx_hal_adc.o
 .comment       0x00000043       0x44 ./Drivers/STM32F4xx_HAL_Driver/Src/stm32f4xx_hal_cortex.o
 .comment       0x00000043       0x44 ./Drivers/STM32F4xx_HAL_Driver/Src/stm32f4xx_hal_gpio.o
 .comment       0x00000043       0x44 ./Drivers/STM32F4xx_HAL_Driver/Src/stm32f4xx_hal_rcc.o
 .comment       0x00000043       0x44 ./Drivers/STM32F4xx_HAL_Driver/Src/stm32f4xx_hal_spi.o
 .comment       0x00000043       0x44 ./Drivers/STM32F4xx_HAL_Driver/Src/stm32f4xx_hal_tim.o
 .comment       0x00000043       0x44 ./Drivers/STM32F4xx_HAL_Driver/Src/stm32f4xx_hal_tim_ex.o

.debug_frame    0x00000000     0x39cc
 .debug_frame   0x00000000      0x164 ./Core/Src/drivers_hardware.o
 .debug_frame   0x00000164      0x220 ./Core/Src/fisicas.o
 .debug_frame   0x00000384       0x5c ./Core/Src/fsm_juego.o
 .debug_frame   0x000003e0       0xf4 ./Core/Src/main.o
 .debug_frame   0x000004d4      0x13c ./Core/Src/stm32f4xx_hal_msp.o
 .debug_frame   0x00000610      0x13c ./Core/Src/stm32f4xx_it.o
 .debug_frame   0x0000074c       0x58 ./Core/Src/system_stm32f4xx.o
 .debug_frame   0x000007a4      0x374 ./Drivers/STM32F4xx_HAL_Driver/Src/stm32f4xx_hal.o
 .debug_frame   0x00000b18      0x3fc ./Drivers/STM32F4xx_HAL_Driver/Src/stm32f4xx_hal_adc.o
 .debug_frame   0x00000f14      0x508 ./Drivers/STM32F4xx_HAL_Driver/Src/stm32f4xx_hal_cortex.o
 .debug_frame   0x0000141c      0x14c ./Drivers/STM32F4xx_HAL_Driver/Src/stm32f4xx_hal_gpio.o
 .debug_frame   0x00001568      0x1f4 ./Drivers/STM32F4xx_HAL_Driver/Src/stm32f4xx_hal_rcc.o
 .debug_frame   0x0000175c      0x828 ./Drivers/STM32F4xx_HAL_Driver/Src/stm32f4xx_hal_spi.o
 .debug_frame   0x00001f84     0x11c0 ./Drivers/STM32F4xx_HAL_Driver/Src/stm32f4xx_hal_tim.o
 .debug_frame   0x00003144      0x638 ./Drivers/STM32F4xx_HAL_Driver/Src/stm32f4xx_hal_tim_ex.o
 .debug_frame   0x0000377c       0x20 C:/ST/STM32CubeIDE_1.17.0/STM32CubeIDE/plugins/com.st.stm32cube.ide.mcu.externaltools.gnu-tools-for-stm32.13.3.rel1.win32_1.0.0.202411081344/tools/bin/../lib/gcc/arm-none-eabi/13.3.1/../../../../arm-none-eabi/lib/thumb/v7e-m+fp/hard\libc_nano.a(libc_a-memset.o)
 .debug_frame   0x0000379c       0x2c C:/ST/STM32CubeIDE_1.17.0/STM32CubeIDE/plugins/com.st.stm32cube.ide.mcu.externaltools.gnu-tools-for-stm32.13.3.rel1.win32_1.0.0.202411081344/tools/bin/../lib/gcc/arm-none-eabi/13.3.1/../../../../arm-none-eabi/lib/thumb/v7e-m+fp/hard\libc_nano.a(libc_a-init.o)
 .debug_frame   0x000037c8       0x38 C:/ST/STM32CubeIDE_1.17.0/STM32CubeIDE/plugins/com.st.stm32cube.ide.mcu.externaltools.gnu-tools-for-stm32.13.3.rel1.win32_1.0.0.202411081344/tools/bin/../lib/gcc/arm-none-eabi/13.3.1/../../../../arm-none-eabi/lib/thumb/v7e-m+fp/hard\libm.a(libm_a-sf_cos.o)
 .debug_frame   0x00003800       0x38 C:/ST/STM32CubeIDE_1.17.0/STM32CubeIDE/plugins/com.st.stm32cube.ide.mcu.externaltools.gnu-tools-for-stm32.13.3.rel1.win32_1.0.0.202411081344/tools/bin/../lib/gcc/arm-none-eabi/13.3.1/../../../../arm-none-eabi/lib/thumb/v7e-m+fp/hard\libm.a(libm_a-sf_sin.o)
 .debug_frame   0x00003838       0x20 C:/ST/STM32CubeIDE_1.17.0/STM32CubeIDE/plugins/com.st.stm32cube.ide.mcu.externaltools.gnu-tools-for-stm32.13.3.rel1.win32_1.0.0.202411081344/tools/bin/../lib/gcc/arm-none-eabi/13.3.1/../../../../arm-none-eabi/lib/thumb/v7e-m+fp/hard\libm.a(libm_a-kf_cos.o)
 .debug_frame   0x00003858       0x20 C:/ST/STM32CubeIDE_1.17.0/STM32CubeIDE/plugins/com.st.stm32cube.ide.mcu.externaltools.gnu-tools-for-stm32.13.3.rel1.win32_1.0.0.202411081344/tools/bin/../lib/gcc/arm-none-eabi/13.3.1/../../../../arm-none-eabi/lib/thumb/v7e-m+fp/hard\libm.a(libm_a-kf_sin.o)
 .debug_frame   0x00003878       0x38 C:/ST/STM32CubeIDE_1.17.0/STM32CubeIDE/plugins/com.st.stm32cube.ide.mcu.externaltools.gnu-tools-for-stm32.13.3.rel1.win32_1.0.0.202411081344/tools/bin/../lib/gcc/arm-none-eabi/13.3.1/../../../../arm-none-eabi/lib/thumb/v7e-m+fp/hard\libm.a(libm_a-ef_rem_pio2.o)
 .debug_frame   0x000038b0       0x20 C:/ST/STM32CubeIDE_1.17.0/STM32CubeIDE/plugins/com.st.stm32cube.ide.mcu.externaltools.gnu-tools-for-stm32.13.3.rel1.win32_1.0.0.202411081344/tools/bin/../lib/gcc/arm-none-eabi/13.3.1/../../../../arm-none-eabi/lib/thumb/v7e-m+fp/hard\libm.a(libm_a-sf_fabs.o)
 .debug_frame   0x000038d0       0x5c C:/ST/STM32CubeIDE_1.17.0/STM32CubeIDE/plugins/com.st.stm32cube.ide.mcu.externaltools.gnu-tools-for-stm32.13.3.rel1.win32_1.0.0.202411081344/tools/bin/../lib/gcc/arm-none-eabi/13.3.1/../../../../arm-none-eabi/lib/thumb/v7e-m+fp/hard\libm.a(libm_a-kf_rem_pio2.o)
 .debug_frame   0x0000392c       0x20 C:/ST/STM32CubeIDE_1.17.0/STM32CubeIDE/plugins/com.st.stm32cube.ide.mcu.externaltools.gnu-tools-for-stm32.13.3.rel1.win32_1.0.0.202411081344/tools/bin/../lib/gcc/arm-none-eabi/13.3.1/../../../../arm-none-eabi/lib/thumb/v7e-m+fp/hard\libm.a(libm_a-sf_scalbn.o)
 .debug_frame   0x0000394c       0x20 C:/ST/STM32CubeIDE_1.17.0/STM32CubeIDE/plugins/com.st.stm32cube.ide.mcu.externaltools.gnu-tools-for-stm32.13.3.rel1.win32_1.0.0.202411081344/tools/bin/../lib/gcc/arm-none-eabi/13.3.1/../../../../arm-none-eabi/lib/thumb/v7e-m+fp/hard\libm.a(libm_a-sf_floor.o)
 .debug_frame   0x0000396c       0x2c C:/ST/STM32CubeIDE_1.17.0/STM32CubeIDE/plugins/com.st.stm32cube.ide.mcu.externaltools.gnu-tools-for-stm32.13.3.rel1.win32_1.0.0.202411081344/tools/bin/../lib/gcc/arm-none-eabi/13.3.1/thumb/v7e-m+fp/hard\libgcc.a(_aeabi_uldivmod.o)
 .debug_frame   0x00003998       0x34 C:/ST/STM32CubeIDE_1.17.0/STM32CubeIDE/plugins/com.st.stm32cube.ide.mcu.externaltools.gnu-tools-for-stm32.13.3.rel1.win32_1.0.0.202411081344/tools/bin/../lib/gcc/arm-none-eabi/13.3.1/thumb/v7e-m+fp/hard\libgcc.a(_udivmoddi4.o)

.debug_line_str
                0x00000000       0x6a
 .debug_line_str
                0x00000000       0x6a ./Core/Startup/startup_stm32f407vgtx.o
