../Core/Src/drivers_hardware.c:17:13:MAX7219_SendAll	24	static
../Core/Src/drivers_hardware.c:26:6:HW_MAX7219_Init	8	static
../Core/Src/drivers_hardware.c:34:6:HW_UpdateDisplay	48	static
../Core/Src/drivers_hardware.c:56:7:HW_LeerAngulo	32	static
../Core/Src/drivers_hardware.c:70:6:HW_Buzzer_Init	8	static
../Core/Src/drivers_hardware.c:74:6:HW_Buzzer_Frecuencia	24	static
../Core/Src/drivers_hardware.c:86:6:HW_Buzzer_Stop	4	static
../Core/Src/drivers_hardware.c:90:6:HW_Buzzer_Disparo	16	static
../Core/Src/drivers_hardware.c:98:6:HW_Buzzer_Victoria	40	static
../Core/Src/drivers_hardware.c:110:9:HW_DebounceBoton	8	static
