../Core/Src/fisicas.c:23:13:SetPixel	24	static
../Core/Src/fisicas.c:30:13:PintarTanque	40	static
../Core/Src/fisicas.c:55:6:Fisicas_Init	8	static
../Core/Src/fisicas.c:61:11:Fisicas_GetBuffer	4	static
../Core/Src/fisicas.c:65:6:Fisicas_LimpiarPantalla	16	static
../Core/Src/fisicas.c:84:6:Fisicas_DibujarEscenario	32	static
../Core/Src/fisicas.c:106:6:Fisicas_PrepararDisparo	32	static
../Core/Src/fisicas.c:125:6:Fisicas_CalcularSiguientePosicion	4	static
../Core/Src/fisicas.c:131:5:Fisicas_DetectarColision	24	static
../Core/Src/fisicas.c:191:6:Fisicas_PintarBala	16	static
../Core/Src/fisicas.c:198:5:Fisicas_GetBalaX	4	static
../Core/Src/fisicas.c:199:5:Fisicas_GetBalaY	4	static
../Core/Src/fisicas.c:208:6:Fisicas_DibujarExplosion	24	static
../Core/Src/fisicas.c:250:13:DibujarLetra8x8	40	static
../Core/Src/fisicas.c:263:6:Fisicas_DibujarGameOver	64	static
