../Core/Src/main.c:114:6:MAX7219_SendAll	24	static
../Core/Src/main.c:132:6:MAX7219_Init	8	static
../Core/Src/main.c:141:6:SetPixel	24	static
../Core/Src/main.c:152:6:ClearScreen	16	static
../Core/Src/main.c:158:6:UpdateDisplay	40	static
../Core/Src/main.c:193:6:PintarTanque	40	static
../Core/Src/main.c:208:6:DibujarEscenario	32	static
../Core/Src/main.c:244:6:CalcularYDibujar	4	static
../Core/Src/main.c:253:5:main	8	static
../Core/Src/main.c:313:6:SystemClock_Config	88	static
../Core/Src/main.c:360:13:MX_SPI1_Init	8	static
../Core/Src/main.c:398:13:MX_GPIO_Init	56	static
../Core/Src/main.c:527:6:HAL_GPIO_EXTI_Callback	16	static
../Core/Src/main.c:543:6:Error_Handler	4	static,ignoring_inline_asm
