../Core/Src/main.c:103:6:MAX7219_SendAll	24	static
../Core/Src/main.c:121:6:MAX7219_Init	8	static
../Core/Src/main.c:130:6:SetPixel	24	static
../Core/Src/main.c:141:6:ClearScreen	16	static
../Core/Src/main.c:147:6:UpdateDisplay	24	static
../Core/Src/main.c:176:5:main	8	static
../Core/Src/main.c:222:6:SystemClock_Config	88	static
../Core/Src/main.c:269:13:MX_SPI1_Init	8	static
../Core/Src/main.c:307:13:MX_GPIO_Init	56	static
../Core/Src/main.c:436:6:HAL_GPIO_EXTI_Callback	16	static
../Core/Src/main.c:452:6:Error_Handler	4	static,ignoring_inline_asm
