14:28:18 **** Incremental Build of configuration Debug for project Micros_tanks ****
make -j16 all 
arm-none-eabi-gcc "../Core/Src/SonidoPWM.c" -mcpu=cortex-m4 -std=gnu11 -g3 -DDEBUG -DUSE_HAL_DRIVER -DSTM32F411xE -c -I../Core/Inc -I../Drivers/STM32F4xx_HAL_Driver/Inc -I../Drivers/STM32F4xx_HAL_Driver/Inc/Legacy -I../Drivers/CMSIS/Device/ST/STM32F4xx/Include -I../Drivers/CMSIS/Include -O0 -ffunction-sections -fdata-sections -Wall -fstack-usage -fcyclomatic-complexity -MMD -MP -MF"Core/Src/SonidoPWM.d" -MT"Core/Src/SonidoPWM.o" --specs=nano.specs -mfpu=fpv4-sp-d16 -mfloat-abi=hard -mthumb -o "Core/Src/SonidoPWM.o"
arm-none-eabi-gcc -o "Micros_tanks.elf" @"objects.list"   -mcpu=cortex-m4 -T"E:\uni\SED\Trabajo-Micros\Micros_tanks\STM32F411VETX_FLASH.ld" --specs=nosys.specs -Wl,-Map="Micros_tanks.map" -Wl,--gc-sections -static --specs=nano.specs -mfpu=fpv4-sp-d16 -mfloat-abi=hard -mthumb -Wl,--start-group -lc -lm -Wl,--end-group
Finished building target: Micros_tanks.elf
 
arm-none-eabi-size  Micros_tanks.elf 
arm-none-eabi-objdump -h -S Micros_tanks.elf  > "Micros_tanks.list"
   text	   data	    bss	    dec	    hex	filename
  12380	     12	   1772	  14164	   3754	Micros_tanks.elf
Finished building: default.size.stdout
 
Finished building: Micros_tanks.list
 
14:28:38 **** Incremental Build of configuration Debug for project Micros_tanks ****
make -j16 all 
arm-none-eabi-gcc "../Core/Src/main.c" -mcpu=cortex-m4 -std=gnu11 -g3 -DDEBUG -DUSE_HAL_DRIVER -DSTM32F411xE -c -I../Core/Inc -I../Drivers/STM32F4xx_HAL_Driver/Inc -I../Drivers/STM32F4xx_HAL_Driver/Inc/Legacy -I../Drivers/CMSIS/Device/ST/STM32F4xx/Include -I../Drivers/CMSIS/Include -O0 -ffunction-sections -fdata-sections -Wall -fstack-usage -fcyclomatic-complexity -MMD -MP -MF"Core/Src/main.d" -MT"Core/Src/main.o" --specs=nano.specs -mfpu=fpv4-sp-d16 -mfloat-abi=hard -mthumb -o "Core/Src/main.o"
arm-none-eabi-gcc -o "Micros_tanks.elf" @"objects.list"   -mcpu=cortex-m4 -T"E:\uni\SED\Trabajo-Micros\Micros_tanks\STM32F411VETX_FLASH.ld" --specs=nosys.specs -Wl,-Map="Micros_tanks.map" -Wl,--gc-sections -static --specs=nano.specs -mfpu=fpv4-sp-d16 -mfloat-abi=hard -mthumb -Wl,--start-group -lc -lm -Wl,--end-group
Finished building target: Micros_tanks.elf
 
arm-none-eabi-size  Micros_tanks.elf 
arm-none-eabi-objdump -h -S Micros_tanks.elf  > "Micros_tanks.list"
   text	   data	    bss	    dec	    hex	filename
  12632	     12	   1772	  14416	   3850	Micros_tanks.elf
Finished building: default.size.stdout
 
Finished building: Micros_tanks.list
 
14:29:51 **** Incremental Build of configuration Debug for project Micros_tanks ****
make -j16 all 
arm-none-eabi-gcc "../Core/Src/SonidoPWM.c" -mcpu=cortex-m4 -std=gnu11 -g3 -DDEBUG -DUSE_HAL_DRIVER -DSTM32F411xE -c -I../Core/Inc -I../Drivers/STM32F4xx_HAL_Driver/Inc -I../Drivers/STM32F4xx_HAL_Driver/Inc/Legacy -I../Drivers/CMSIS/Device/ST/STM32F4xx/Include -I../Drivers/CMSIS/Include -O0 -ffunction-sections -fdata-sections -Wall -fstack-usage -fcyclomatic-complexity -MMD -MP -MF"Core/Src/SonidoPWM.d" -MT"Core/Src/SonidoPWM.o" --specs=nano.specs -mfpu=fpv4-sp-d16 -mfloat-abi=hard -mthumb -o "Core/Src/SonidoPWM.o"
arm-none-eabi-gcc -o "Micros_tanks.elf" @"objects.list"   -mcpu=cortex-m4 -T"E:\uni\SED\Trabajo-Micros\Micros_tanks\STM32F411VETX_FLASH.ld" --specs=nosys.specs -Wl,-Map="Micros_tanks.map" -Wl,--gc-sections -static --specs=nano.specs -mfpu=fpv4-sp-d16 -mfloat-abi=hard -mthumb -Wl,--start-group -lc -lm -Wl,--end-group
Finished building target: Micros_tanks.elf
 
arm-none-eabi-size  Micros_tanks.elf 
arm-none-eabi-objdump -h -S Micros_tanks.elf  > "Micros_tanks.list"
   text	   data	    bss	    dec	    hex	filename
  12636	     12	   1772	  14420	   3854	Micros_tanks.elf
Finished building: default.size.stdout
 
Finished building: Micros_tanks.list
 
14:30:36 **** Incremental Build of configuration Debug for project Micros_tanks ****
make -j16 all 
arm-none-eabi-gcc "../Core/Src/SonidoPWM.c" -mcpu=cortex-m4 -std=gnu11 -g3 -DDEBUG -DUSE_HAL_DRIVER -DSTM32F411xE -c -I../Core/Inc -I../Drivers/STM32F4xx_HAL_Driver/Inc -I../Drivers/STM32F4xx_HAL_Driver/Inc/Legacy -I../Drivers/CMSIS/Device/ST/STM32F4xx/Include -I../Drivers/CMSIS/Include -O0 -ffunction-sections -fdata-sections -Wall -fstack-usage -fcyclomatic-complexity -MMD -MP -MF"Core/Src/SonidoPWM.d" -MT"Core/Src/SonidoPWM.o" --specs=nano.specs -mfpu=fpv4-sp-d16 -mfloat-abi=hard -mthumb -o "Core/Src/SonidoPWM.o"
arm-none-eabi-gcc -o "Micros_tanks.elf" @"objects.list"   -mcpu=cortex-m4 -T"E:\uni\SED\Trabajo-Micros\Micros_tanks\STM32F411VETX_FLASH.ld" --specs=nosys.specs -Wl,-Map="Micros_tanks.map" -Wl,--gc-sections -static --specs=nano.specs -mfpu=fpv4-sp-d16 -mfloat-abi=hard -mthumb -Wl,--start-group -lc -lm -Wl,--end-group
Finished building target: Micros_tanks.elf
 
arm-none-eabi-size  Micros_tanks.elf 
arm-none-eabi-objdump -h -S Micros_tanks.elf  > "Micros_tanks.list"
   text	   data	    bss	    dec	    hex	filename
  12636	     12	   1772	  14420	   3854	Micros_tanks.elf
Finished building: default.size.stdout
 
Finished building: Micros_tanks.list
 
14:30:54 **** Incremental Build of configuration Debug for project Micros_tanks ****
make -j16 all 
arm-none-eabi-size  Micros_tanks.elf 
   text	   data	    bss	    dec	    hex	filename
  12636	     12	   1772	  14420	   3854	Micros_tanks.elf
Finished building: default.size.stdout
 
14:33:16 **** Incremental Build of configuration Debug for project Micros_tanks ****
make -j16 all 
arm-none-eabi-gcc "../Core/Src/SonidoPWM.c" -mcpu=cortex-m4 -std=gnu11 -g3 -DDEBUG -DUSE_HAL_DRIVER -DSTM32F411xE -c -I../Core/Inc -I../Drivers/STM32F4xx_HAL_Driver/Inc -I../Drivers/STM32F4xx_HAL_Driver/Inc/Legacy -I../Drivers/CMSIS/Device/ST/STM32F4xx/Include -I../Drivers/CMSIS/Include -O0 -ffunction-sections -fdata-sections -Wall -fstack-usage -fcyclomatic-complexity -MMD -MP -MF"Core/Src/SonidoPWM.d" -MT"Core/Src/SonidoPWM.o" --specs=nano.specs -mfpu=fpv4-sp-d16 -mfloat-abi=hard -mthumb -o "Core/Src/SonidoPWM.o"
arm-none-eabi-gcc -o "Micros_tanks.elf" @"objects.list"   -mcpu=cortex-m4 -T"E:\uni\SED\Trabajo-Micros\Micros_tanks\STM32F411VETX_FLASH.ld" --specs=nosys.specs -Wl,-Map="Micros_tanks.map" -Wl,--gc-sections -static --specs=nano.specs -mfpu=fpv4-sp-d16 -mfloat-abi=hard -mthumb -Wl,--start-group -lc -lm -Wl,--end-group
Finished building target: Micros_tanks.elf
 
arm-none-eabi-size  Micros_tanks.elf 
arm-none-eabi-objdump -h -S Micros_tanks.elf  > "Micros_tanks.list"
   text	   data	    bss	    dec	    hex	filename
  12792	     12	   1772	  14576	   38f0	Micros_tanks.elf
Finished building: default.size.stdout
 
Finished building: Micros_tanks.list
 
14:33:31 **** Incremental Build of configuration Debug for project Micros_tanks ****
make -j16 all 
arm-none-eabi-size  Micros_tanks.elf 
   text	   data	    bss	    dec	    hex	filename
  12792	     12	   1772	  14576	   38f0	Micros_tanks.elf
Finished building: default.size.stdout
 
14:35:37 **** Incremental Build of configuration Debug for project Micros_tanks ****
make -j16 all 
arm-none-eabi-gcc "../Core/Src/SonidoPWM.c" -mcpu=cortex-m4 -std=gnu11 -g3 -DDEBUG -DUSE_HAL_DRIVER -DSTM32F411xE -c -I../Core/Inc -I../Drivers/STM32F4xx_HAL_Driver/Inc -I../Drivers/STM32F4xx_HAL_Driver/Inc/Legacy -I../Drivers/CMSIS/Device/ST/STM32F4xx/Include -I../Drivers/CMSIS/Include -O0 -ffunction-sections -fdata-sections -Wall -fstack-usage -fcyclomatic-complexity -MMD -MP -MF"Core/Src/SonidoPWM.d" -MT"Core/Src/SonidoPWM.o" --specs=nano.specs -mfpu=fpv4-sp-d16 -mfloat-abi=hard -mthumb -o "Core/Src/SonidoPWM.o"
arm-none-eabi-gcc -o "Micros_tanks.elf" @"objects.list"   -mcpu=cortex-m4 -T"E:\uni\SED\Trabajo-Micros\Micros_tanks\STM32F411VETX_FLASH.ld" --specs=nosys.specs -Wl,-Map="Micros_tanks.map" -Wl,--gc-sections -static --specs=nano.specs -mfpu=fpv4-sp-d16 -mfloat-abi=hard -mthumb -Wl,--start-group -lc -lm -Wl,--end-group
Finished building target: Micros_tanks.elf
 
arm-none-eabi-size  Micros_tanks.elf 
arm-none-eabi-objdump -h -S Micros_tanks.elf  > "Micros_tanks.list"
   text	   data	    bss	    dec	    hex	filename
  12776	     12	   1772	  14560	   38e0	Micros_tanks.elf
Finished building: default.size.stdout
 
Finished building: Micros_tanks.list
 
14:35:50 **** Incremental Build of configuration Debug for project Micros_tanks ****
make -j16 all 
arm-none-eabi-size  Micros_tanks.elf 
   text	   data	    bss	    dec	    hex	filename
  12776	     12	   1772	  14560	   38e0	Micros_tanks.elf
Finished building: default.size.stdout
 
14:37:01 **** Incremental Build of configuration Debug for project Micros_tanks ****
make -j16 all 
arm-none-eabi-gcc "../Core/Src/SonidoPWM.c" -mcpu=cortex-m4 -std=gnu11 -g3 -DDEBUG -DUSE_HAL_DRIVER -DSTM32F411xE -c -I../Core/Inc -I../Drivers/STM32F4xx_HAL_Driver/Inc -I../Drivers/STM32F4xx_HAL_Driver/Inc/Legacy -I../Drivers/CMSIS/Device/ST/STM32F4xx/Include -I../Drivers/CMSIS/Include -O0 -ffunction-sections -fdata-sections -Wall -fstack-usage -fcyclomatic-complexity -MMD -MP -MF"Core/Src/SonidoPWM.d" -MT"Core/Src/SonidoPWM.o" --specs=nano.specs -mfpu=fpv4-sp-d16 -mfloat-abi=hard -mthumb -o "Core/Src/SonidoPWM.o"
arm-none-eabi-gcc -o "Micros_tanks.elf" @"objects.list"   -mcpu=cortex-m4 -T"E:\uni\SED\Trabajo-Micros\Micros_tanks\STM32F411VETX_FLASH.ld" --specs=nosys.specs -Wl,-Map="Micros_tanks.map" -Wl,--gc-sections -static --specs=nano.specs -mfpu=fpv4-sp-d16 -mfloat-abi=hard -mthumb -Wl,--start-group -lc -lm -Wl,--end-group
Finished building target: Micros_tanks.elf
 
arm-none-eabi-size  Micros_tanks.elf 
arm-none-eabi-objdump -h -S Micros_tanks.elf  > "Micros_tanks.list"
   text	   data	    bss	    dec	    hex	filename
  12776	     12	   1772	  14560	   38e0	Micros_tanks.elf
Finished building: default.size.stdout
 
Finished building: Micros_tanks.list
 
14:37:34 **** Incremental Build of configuration Debug for project Micros_tanks ****
make -j16 all 
arm-none-eabi-gcc "../Core/Src/main.c" -mcpu=cortex-m4 -std=gnu11 -g3 -DDEBUG -DUSE_HAL_DRIVER -DSTM32F411xE -c -I../Core/Inc -I../Drivers/STM32F4xx_HAL_Driver/Inc -I../Drivers/STM32F4xx_HAL_Driver/Inc/Legacy -I../Drivers/CMSIS/Device/ST/STM32F4xx/Include -I../Drivers/CMSIS/Include -O0 -ffunction-sections -fdata-sections -Wall -fstack-usage -fcyclomatic-complexity -MMD -MP -MF"Core/Src/main.d" -MT"Core/Src/main.o" --specs=nano.specs -mfpu=fpv4-sp-d16 -mfloat-abi=hard -mthumb -o "Core/Src/main.o"
arm-none-eabi-gcc -o "Micros_tanks.elf" @"objects.list"   -mcpu=cortex-m4 -T"E:\uni\SED\Trabajo-Micros\Micros_tanks\STM32F411VETX_FLASH.ld" --specs=nosys.specs -Wl,-Map="Micros_tanks.map" -Wl,--gc-sections -static --specs=nano.specs -mfpu=fpv4-sp-d16 -mfloat-abi=hard -mthumb -Wl,--start-group -lc -lm -Wl,--end-group
Finished building target: Micros_tanks.elf
 
arm-none-eabi-size  Micros_tanks.elf 
arm-none-eabi-objdump -h -S Micros_tanks.elf  > "Micros_tanks.list"
   text	   data	    bss	    dec	    hex	filename
  12780	     12	   1772	  14564	   38e4	Micros_tanks.elf
Finished building: default.size.stdout
 
Finished building: Micros_tanks.list
 
14:38:47 **** Incremental Build of configuration Debug for project Micros_tanks ****
make -j16 all 
arm-none-eabi-gcc "../Core/Src/main.c" -mcpu=cortex-m4 -std=gnu11 -g3 -DDEBUG -DUSE_HAL_DRIVER -DSTM32F411xE -c -I../Core/Inc -I../Drivers/STM32F4xx_HAL_Driver/Inc -I../Drivers/STM32F4xx_HAL_Driver/Inc/Legacy -I../Drivers/CMSIS/Device/ST/STM32F4xx/Include -I../Drivers/CMSIS/Include -O0 -ffunction-sections -fdata-sections -Wall -fstack-usage -fcyclomatic-complexity -MMD -MP -MF"Core/Src/main.d" -MT"Core/Src/main.o" --specs=nano.specs -mfpu=fpv4-sp-d16 -mfloat-abi=hard -mthumb -o "Core/Src/main.o"
arm-none-eabi-gcc -o "Micros_tanks.elf" @"objects.list"   -mcpu=cortex-m4 -T"E:\uni\SED\Trabajo-Micros\Micros_tanks\STM32F411VETX_FLASH.ld" --specs=nosys.specs -Wl,-Map="Micros_tanks.map" -Wl,--gc-sections -static --specs=nano.specs -mfpu=fpv4-sp-d16 -mfloat-abi=hard -mthumb -Wl,--start-group -lc -lm -Wl,--end-group
Finished building target: Micros_tanks.elf
 
arm-none-eabi-size  Micros_tanks.elf 
arm-none-eabi-objdump -h -S Micros_tanks.elf  > "Micros_tanks.list"
   text	   data	    bss	    dec	    hex	filename
  12776	     12	   1772	  14560	   38e0	Micros_tanks.elf
Finished building: default.size.stdout
 
Finished building: Micros_tanks.list
 
14:41:31 **** Incremental Build of configuration Debug for project Micros_tanks ****
make -j16 all 
arm-none-eabi-gcc "../Core/Src/main.c" -mcpu=cortex-m4 -std=gnu11 -g3 -DDEBUG -DUSE_HAL_DRIVER -DSTM32F411xE -c -I../Core/Inc -I../Drivers/STM32F4xx_HAL_Driver/Inc -I../Drivers/STM32F4xx_HAL_Driver/Inc/Legacy -I../Drivers/CMSIS/Device/ST/STM32F4xx/Include -I../Drivers/CMSIS/Include -O0 -ffunction-sections -fdata-sections -Wall -fstack-usage -fcyclomatic-complexity -MMD -MP -MF"Core/Src/main.d" -MT"Core/Src/main.o" --specs=nano.specs -mfpu=fpv4-sp-d16 -mfloat-abi=hard -mthumb -o "Core/Src/main.o"
arm-none-eabi-gcc -o "Micros_tanks.elf" @"objects.list"   -mcpu=cortex-m4 -T"E:\uni\SED\Trabajo-Micros\Micros_tanks\STM32F411VETX_FLASH.ld" --specs=nosys.specs -Wl,-Map="Micros_tanks.map" -Wl,--gc-sections -static --specs=nano.specs -mfpu=fpv4-sp-d16 -mfloat-abi=hard -mthumb -Wl,--start-group -lc -lm -Wl,--end-group
Finished building target: Micros_tanks.elf
 
arm-none-eabi-size  Micros_tanks.elf 
arm-none-eabi-objdump -h -S Micros_tanks.elf  > "Micros_tanks.list"
   text	   data	    bss	    dec	    hex	filename
  12776	     12	   1772	  14560	   38e0	Micros_tanks.elf
Finished building: default.size.stdout
 
Finished building: Micros_tanks.list
 
15:03:27 **** Incremental Build of configuration Debug for project Micros_tanks ****
make -j16 all 
arm-none-eabi-size  Micros_tanks.elf 
   text	   data	    bss	    dec	    hex	filename
  12776	     12	   1772	  14560	   38e0	Micros_tanks.elf
Finished building: default.size.stdout
 
